Archive member included to satisfy reference by file (symbol)

c:/ac6/systemworkbench/plugins/fr.ac6.mcu.externaltools.arm-none.win32_1.7.0.201602121829/tools/compiler/bin/../lib/gcc/arm-none-eabi/5.2.1/armv7e-m/fpu\libgcc.a(_arm_addsubdf3.o)
                              Src/main.o (__aeabi_i2d)
c:/ac6/systemworkbench/plugins/fr.ac6.mcu.externaltools.arm-none.win32_1.7.0.201602121829/tools/compiler/bin/../lib/gcc/arm-none-eabi/5.2.1/armv7e-m/fpu\libgcc.a(_arm_muldivdf3.o)
                              Src/main.o (__aeabi_dmul)
c:/ac6/systemworkbench/plugins/fr.ac6.mcu.externaltools.arm-none.win32_1.7.0.201602121829/tools/compiler/bin/../lib/gcc/arm-none-eabi/5.2.1/armv7e-m/fpu\libgcc.a(_arm_fixdfsi.o)
                              Src/main.o (__aeabi_d2iz)
c:/ac6/systemworkbench/plugins/fr.ac6.mcu.externaltools.arm-none.win32_1.7.0.201602121829/tools/compiler/bin/../lib/gcc/arm-none-eabi/5.2.1/../../../../arm-none-eabi/lib/armv7e-m/fpu\libc_nano.a(lib_a-exit.o)
                              c:/ac6/systemworkbench/plugins/fr.ac6.mcu.externaltools.arm-none.win32_1.7.0.201602121829/tools/compiler/bin/../lib/gcc/arm-none-eabi/5.2.1/../../../../arm-none-eabi/lib/armv7e-m/fpu/crt0.o (exit)
c:/ac6/systemworkbench/plugins/fr.ac6.mcu.externaltools.arm-none.win32_1.7.0.201602121829/tools/compiler/bin/../lib/gcc/arm-none-eabi/5.2.1/../../../../arm-none-eabi/lib/armv7e-m/fpu\libc_nano.a(lib_a-impure.o)
                              c:/ac6/systemworkbench/plugins/fr.ac6.mcu.externaltools.arm-none.win32_1.7.0.201602121829/tools/compiler/bin/../lib/gcc/arm-none-eabi/5.2.1/../../../../arm-none-eabi/lib/armv7e-m/fpu\libc_nano.a(lib_a-exit.o) (_global_impure_ptr)
c:/ac6/systemworkbench/plugins/fr.ac6.mcu.externaltools.arm-none.win32_1.7.0.201602121829/tools/compiler/bin/../lib/gcc/arm-none-eabi/5.2.1/../../../../arm-none-eabi/lib/armv7e-m/fpu\libc_nano.a(lib_a-init.o)
                              c:/ac6/systemworkbench/plugins/fr.ac6.mcu.externaltools.arm-none.win32_1.7.0.201602121829/tools/compiler/bin/../lib/gcc/arm-none-eabi/5.2.1/../../../../arm-none-eabi/lib/armv7e-m/fpu/crt0.o (__libc_init_array)
c:/ac6/systemworkbench/plugins/fr.ac6.mcu.externaltools.arm-none.win32_1.7.0.201602121829/tools/compiler/bin/../lib/gcc/arm-none-eabi/5.2.1/../../../../arm-none-eabi/lib/armv7e-m/fpu\libc_nano.a(lib_a-itoa.o)
                              Src/main.o (itoa)
c:/ac6/systemworkbench/plugins/fr.ac6.mcu.externaltools.arm-none.win32_1.7.0.201602121829/tools/compiler/bin/../lib/gcc/arm-none-eabi/5.2.1/../../../../arm-none-eabi/lib/armv7e-m/fpu\libc_nano.a(lib_a-memset.o)
                              c:/ac6/systemworkbench/plugins/fr.ac6.mcu.externaltools.arm-none.win32_1.7.0.201602121829/tools/compiler/bin/../lib/gcc/arm-none-eabi/5.2.1/../../../../arm-none-eabi/lib/armv7e-m/fpu/crt0.o (memset)
c:/ac6/systemworkbench/plugins/fr.ac6.mcu.externaltools.arm-none.win32_1.7.0.201602121829/tools/compiler/bin/../lib/gcc/arm-none-eabi/5.2.1/../../../../arm-none-eabi/lib/armv7e-m/fpu\libc_nano.a(lib_a-utoa.o)
                              c:/ac6/systemworkbench/plugins/fr.ac6.mcu.externaltools.arm-none.win32_1.7.0.201602121829/tools/compiler/bin/../lib/gcc/arm-none-eabi/5.2.1/../../../../arm-none-eabi/lib/armv7e-m/fpu\libc_nano.a(lib_a-itoa.o) (__utoa)
c:/ac6/systemworkbench/plugins/fr.ac6.mcu.externaltools.arm-none.win32_1.7.0.201602121829/tools/compiler/bin/../lib/gcc/arm-none-eabi/5.2.1/../../../../arm-none-eabi/lib/armv7e-m/fpu\libnosys.a(_exit.o)
                              c:/ac6/systemworkbench/plugins/fr.ac6.mcu.externaltools.arm-none.win32_1.7.0.201602121829/tools/compiler/bin/../lib/gcc/arm-none-eabi/5.2.1/../../../../arm-none-eabi/lib/armv7e-m/fpu\libc_nano.a(lib_a-exit.o) (_exit)

Allocating common symbols
Common symbol       size              file

uwTick              0x4               Drivers/STM32F4xx_HAL_Driver/Src/stm32f4xx_hal.o
pFlash              0x20              Drivers/STM32F4xx_HAL_Driver/Src/stm32f4xx_hal_flash.o
hspi1               0x58              Src/main.o
huart2              0x40              Src/main.o

Discarded input sections

 .text          0x00000000        0x0 c:/ac6/systemworkbench/plugins/fr.ac6.mcu.externaltools.arm-none.win32_1.7.0.201602121829/tools/compiler/bin/../lib/gcc/arm-none-eabi/5.2.1/armv7e-m/fpu/crti.o
 .data          0x00000000        0x0 c:/ac6/systemworkbench/plugins/fr.ac6.mcu.externaltools.arm-none.win32_1.7.0.201602121829/tools/compiler/bin/../lib/gcc/arm-none-eabi/5.2.1/armv7e-m/fpu/crti.o
 .bss           0x00000000        0x0 c:/ac6/systemworkbench/plugins/fr.ac6.mcu.externaltools.arm-none.win32_1.7.0.201602121829/tools/compiler/bin/../lib/gcc/arm-none-eabi/5.2.1/armv7e-m/fpu/crti.o
 .data          0x00000000        0x4 c:/ac6/systemworkbench/plugins/fr.ac6.mcu.externaltools.arm-none.win32_1.7.0.201602121829/tools/compiler/bin/../lib/gcc/arm-none-eabi/5.2.1/armv7e-m/fpu/crtbegin.o
[...]
Memory Configuration

Name             Origin             Length             Attributes
RAM              0x20000000         0x00020000         xrw
CCMRAM           0x10000000         0x00010000         rw
FLASH            0x08000000         0x00100000         xr
*default*        0x00000000         0xffffffff

Linker script and memory map

LOAD c:/ac6/systemworkbench/plugins/fr.ac6.mcu.externaltools.arm-none.win32_1.7.0.201602121829/tools/compiler/bin/../lib/gcc/arm-none-eabi/5.2.1/armv7e-m/fpu/crti.o
LOAD c:/ac6/systemworkbench/plugins/fr.ac6.mcu.externaltools.arm-none.win32_1.7.0.201602121829/tools/compiler/bin/../lib/gcc/arm-none-eabi/5.2.1/armv7e-m/fpu/crtbegin.o
LOAD c:/ac6/systemworkbench/plugins/fr.ac6.mcu.externaltools.arm-none.win32_1.7.0.201602121829/tools/compiler/bin/../lib/gcc/arm-none-eabi/5.2.1/../../../../arm-none-eabi/lib/armv7e-m/fpu/crt0.o
LOAD c:/ac6/systemworkbench/plugins/fr.ac6.mcu.externaltools.arm-none.win32_1.7.0.201602121829/tools/compiler/bin/../lib/gcc/arm-none-eabi/5.2.1/../../../../arm-none-eabi/lib/armv7e-m/fpu\libm.a
LOAD Drivers/CMSIS/Device/ST/STM32F4xx/Source/Templates/gcc/startup_stm32f407xx.o
LOAD Drivers/CMSIS/Device/ST/STM32F4xx/Source/Templates/system_stm32f4xx.o
LOAD Drivers/STM32F4xx_HAL_Driver/Src/stm32f4xx_hal.o
LOAD Drivers/STM32F4xx_HAL_Driver/Src/stm32f4xx_hal_cortex.o
LOAD Drivers/STM32F4xx_HAL_Driver/Src/stm32f4xx_hal_dma.o
LOAD Drivers/STM32F4xx_HAL_Driver/Src/stm32f4xx_hal_dma_ex.o
LOAD Drivers/STM32F4xx_HAL_Driver/Src/stm32f4xx_hal_flash.o
LOAD Drivers/STM32F4xx_HAL_Driver/Src/stm32f4xx_hal_flash_ex.o
LOAD Drivers/STM32F4xx_HAL_Driver/Src/stm32f4xx_hal_flash_ramfunc.o
LOAD Drivers/STM32F4xx_HAL_Driver/Src/stm32f4xx_hal_gpio.o
LOAD Drivers/STM32F4xx_HAL_Driver/Src/stm32f4xx_hal_pwr.o
LOAD Drivers/STM32F4xx_HAL_Driver/Src/stm32f4xx_hal_pwr_ex.o
LOAD Drivers/STM32F4xx_HAL_Driver/Src/stm32f4xx_hal_rcc.o
LOAD Drivers/STM32F4xx_HAL_Driver/Src/stm32f4xx_hal_rcc_ex.o
LOAD Drivers/STM32F4xx_HAL_Driver/Src/stm32f4xx_hal_spi.o
LOAD Drivers/STM32F4xx_HAL_Driver/Src/stm32f4xx_hal_tim.o
LOAD Drivers/STM32F4xx_HAL_Driver/Src/stm32f4xx_hal_tim_ex.o
LOAD Drivers/STM32F4xx_HAL_Driver/Src/stm32f4xx_hal_uart.o
LOAD Src/main.o
LOAD Src/stm32f4xx_hal_msp.o
LOAD Src/stm32f4xx_it.o
START GROUP
LOAD c:/ac6/systemworkbench/plugins/fr.ac6.mcu.externaltools.arm-none.win32_1.7.0.201602121829/tools/compiler/bin/../lib/gcc/arm-none-eabi/5.2.1/armv7e-m/fpu\libgcc.a
LOAD c:/ac6/systemworkbench/plugins/fr.ac6.mcu.externaltools.arm-none.win32_1.7.0.201602121829/tools/compiler/bin/../lib/gcc/arm-none-eabi/5.2.1/../../../../arm-none-eabi/lib/armv7e-m/fpu\libc_nano.a
END GROUP
START GROUP
LOAD c:/ac6/systemworkbench/plugins/fr.ac6.mcu.externaltools.arm-none.win32_1.7.0.201602121829/tools/compiler/bin/../lib/gcc/arm-none-eabi/5.2.1/armv7e-m/fpu\libgcc.a
LOAD c:/ac6/systemworkbench/plugins/fr.ac6.mcu.externaltools.arm-none.win32_1.7.0.201602121829/tools/compiler/bin/../lib/gcc/arm-none-eabi/5.2.1/../../../../arm-none-eabi/lib/armv7e-m/fpu\libc_nano.a
LOAD c:/ac6/systemworkbench/plugins/fr.ac6.mcu.externaltools.arm-none.win32_1.7.0.201602121829/tools/compiler/bin/../lib/gcc/arm-none-eabi/5.2.1/../../../../arm-none-eabi/lib/armv7e-m/fpu\libnosys.a
END GROUP
START GROUP
LOAD c:/ac6/systemworkbench/plugins/fr.ac6.mcu.externaltools.arm-none.win32_1.7.0.201602121829/tools/compiler/bin/../lib/gcc/arm-none-eabi/5.2.1/armv7e-m/fpu\libgcc.a
LOAD c:/ac6/systemworkbench/plugins/fr.ac6.mcu.externaltools.arm-none.win32_1.7.0.201602121829/tools/compiler/bin/../lib/gcc/arm-none-eabi/5.2.1/../../../../arm-none-eabi/lib/armv7e-m/fpu\libc_nano.a
LOAD c:/ac6/systemworkbench/plugins/fr.ac6.mcu.externaltools.arm-none.win32_1.7.0.201602121829/tools/compiler/bin/../lib/gcc/arm-none-eabi/5.2.1/../../../../arm-none-eabi/lib/armv7e-m/fpu\libnosys.a
END GROUP
LOAD c:/ac6/systemworkbench/plugins/fr.ac6.mcu.externaltools.arm-none.win32_1.7.0.201602121829/tools/compiler/bin/../lib/gcc/arm-none-eabi/5.2.1/armv7e-m/fpu/crtend.o
LOAD c:/ac6/systemworkbench/plugins/fr.ac6.mcu.externaltools.arm-none.win32_1.7.0.201602121829/tools/compiler/bin/../lib/gcc/arm-none-eabi/5.2.1/armv7e-m/fpu/crtn.o
                0x20020000                _estack = 0x20020000
                0x00000200                _Min_Heap_Size = 0x200
                0x00000400                _Min_Stack_Size = 0x400

.isr_vector     0x08000000      0x188
                0x08000000                . = ALIGN (0x4)
 *(.isr_vector)
 .isr_vector    0x08000000      0x188 Drivers/CMSIS/Device/ST/STM32F4xx/Source/Templates/gcc/startup_stm32f407xx.o
                0x08000000                g_pfnVectors
                0x08000188                . = ALIGN (0x4)

.text           0x08000188     0x231c
                0x08000188                . = ALIGN (0x4)
 *(.text)
 .text          0x08000188       0xa4 c:/ac6/systemworkbench/plugins/fr.ac6.mcu.externaltools.arm-none.win32_1.7.0.201602121829/tools/compiler/bin/../lib/gcc/arm-none-eabi/5.2.1/armv7e-m/fpu/crtbegin.o
 .text          0x0800022c      0x370 c:/ac6/systemworkbench/plugins/fr.ac6.mcu.externaltools.arm-none.win32_1.7.0.201602121829/tools/compiler/bin/../lib/gcc/arm-none-eabi/5.2.1/armv7e-m/fpu\libgcc.a(_arm_addsubdf3.o)
                0x0800022c                __aeabi_drsub
                0x08000234                __aeabi_dsub
                0x08000234                __subdf3
                0x08000238                __aeabi_dadd
                0x08000238                __adddf3
                0x080004b0                __floatunsidf
                0x080004b0                __aeabi_ui2d
                0x080004d0                __floatsidf
                0x080004d0                __aeabi_i2d
                0x080004f4                __aeabi_f2d
                0x080004f4                __extendsfdf2
                0x08000530                __floatundidf
                0x08000530                __aeabi_ul2d
                0x08000540                __floatdidf
                0x08000540                __aeabi_l2d
 .text          0x0800059c      0x424 c:/ac6/systemworkbench/plugins/fr.ac6.mcu.externaltools.arm-none.win32_1.7.0.201602121829/tools/compiler/bin/../lib/gcc/arm-none-eabi/5.2.1/armv7e-m/fpu\libgcc.a(_arm_muldivdf3.o)
                0x0800059c                __aeabi_dmul
                0x0800059c                __muldf3
                0x080007f0                __divdf3
                0x080007f0                __aeabi_ddiv
 .text          0x080009c0       0x50 c:/ac6/systemworkbench/plugins/fr.ac6.mcu.externaltools.arm-none.win32_1.7.0.201602121829/tools/compiler/bin/../lib/gcc/arm-none-eabi/5.2.1/armv7e-m/fpu\libgcc.a(_arm_fixdfsi.o)
                0x080009c0                __aeabi_d2iz
                0x080009c0                __fixdfsi
 *(.text*)
 .text.Reset_Handler
                0x08000a10       0x50 Drivers/CMSIS/Device/ST/STM32F4xx/Source/Templates/gcc/startup_stm32f407xx.o
                0x08000a10                Reset_Handler
 .text.Default_Handler
                0x08000a60        0x2 Drivers/CMSIS/Device/ST/STM32F4xx/Source/Templates/gcc/startup_stm32f407xx.o
                0x08000a60                RTC_Alarm_IRQHandler
                0x08000a60                HASH_RNG_IRQHandler
                0x08000a60                EXTI2_IRQHandler
                0x08000a60                TIM8_CC_IRQHandler
                0x08000a60                DebugMon_Handler
                0x08000a60                TIM1_CC_IRQHandler
                0x08000a60                DMA2_Stream5_IRQHandler
                0x08000a60                HardFault_Handler
                0x08000a60                DMA1_Stream5_IRQHandler
                0x08000a60                PVD_IRQHandler
                0x08000a60                SDIO_IRQHandler
                0x08000a60                TAMP_STAMP_IRQHandler
                0x08000a60                PendSV_Handler
                0x08000a60                NMI_Handler
                0x08000a60                CAN2_RX1_IRQHandler
                0x08000a60                EXTI3_IRQHandler
                0x08000a60                TIM8_TRG_COM_TIM14_IRQHandler
                0x08000a60                TIM1_UP_TIM10_IRQHandler
                0x08000a60                TIM8_UP_TIM13_IRQHandler
                0x08000a60                I2C3_ER_IRQHandler
                0x08000a60                EXTI0_IRQHandler
                0x08000a60                I2C2_EV_IRQHandler
                0x08000a60                DMA1_Stream2_IRQHandler
                0x08000a60                CAN1_RX0_IRQHandler
                0x08000a60                FPU_IRQHandler
                0x08000a60                OTG_HS_WKUP_IRQHandler
                0x08000a60                UsageFault_Handler
                0x08000a60                CAN2_SCE_IRQHandler
                0x08000a60                DMA2_Stream2_IRQHandler
                0x08000a60                SPI1_IRQHandler
                0x08000a60                TIM6_DAC_IRQHandler
                0x08000a60                TIM1_BRK_TIM9_IRQHandler
                0x08000a60                DCMI_IRQHandler
                0x08000a60                CAN2_RX0_IRQHandler
                0x08000a60                DMA2_Stream3_IRQHandler
                0x08000a60                USART6_IRQHandler
                0x08000a60                USART3_IRQHandler
                0x08000a60                CAN1_RX1_IRQHandler
                0x08000a60                UART5_IRQHandler
                0x08000a60                DMA2_Stream0_IRQHandler
                0x08000a60                TIM4_IRQHandler
                0x08000a60                I2C1_EV_IRQHandler
                0x08000a60                DMA1_Stream6_IRQHandler
                0x08000a60                DMA1_Stream1_IRQHandler
                0x08000a60                UART4_IRQHandler
                0x08000a60                TIM3_IRQHandler
                0x08000a60                RCC_IRQHandler
                0x08000a60                TIM8_BRK_TIM12_IRQHandler
                0x08000a60                Default_Handler
                0x08000a60                EXTI15_10_IRQHandler
                0x08000a60                ADC_IRQHandler
                0x08000a60                DMA1_Stream7_IRQHandler
                0x08000a60                TIM7_IRQHandler
                0x08000a60                CAN2_TX_IRQHandler
                0x08000a60                TIM5_IRQHandler
                0x08000a60                DMA2_Stream7_IRQHandler
                0x08000a60                I2C3_EV_IRQHandler
                0x08000a60                EXTI9_5_IRQHandler
                0x08000a60                RTC_WKUP_IRQHandler
                0x08000a60                ETH_WKUP_IRQHandler
                0x08000a60                SPI2_IRQHandler
                0x08000a60                OTG_HS_EP1_IN_IRQHandler
                0x08000a60                MemManage_Handler
                0x08000a60                DMA1_Stream0_IRQHandler
                0x08000a60                CAN1_TX_IRQHandler
                0x08000a60                SVC_Handler
                0x08000a60                EXTI4_IRQHandler
                0x08000a60                FSMC_IRQHandler
                0x08000a60                ETH_IRQHandler
                0x08000a60                OTG_HS_EP1_OUT_IRQHandler
                0x08000a60                WWDG_IRQHandler
                0x08000a60                TIM2_IRQHandler
                0x08000a60                OTG_FS_WKUP_IRQHandler
                0x08000a60                TIM1_TRG_COM_TIM11_IRQHandler
                0x08000a60                OTG_HS_IRQHandler
                0x08000a60                EXTI1_IRQHandler
                0x08000a60                USART2_IRQHandler
                0x08000a60                I2C2_ER_IRQHandler
                0x08000a60                DMA2_Stream1_IRQHandler
                0x08000a60                CAN1_SCE_IRQHandler
                0x08000a60                FLASH_IRQHandler
                0x08000a60                DMA2_Stream4_IRQHandler
                0x08000a60                BusFault_Handler
                0x08000a60                USART1_IRQHandler
                0x08000a60                OTG_FS_IRQHandler
                0x08000a60                SPI3_IRQHandler
                0x08000a60                DMA1_Stream4_IRQHandler
                0x08000a60                I2C1_ER_IRQHandler
                0x08000a60                DMA2_Stream6_IRQHandler
                0x08000a60                DMA1_Stream3_IRQHandler
 *fill*         0x08000a62        0x2 
 .text.SystemInit
                0x08000a64       0x4c Drivers/CMSIS/Device/ST/STM32F4xx/Source/Templates/system_stm32f4xx.o
                0x08000a64                SystemInit
 .text.HAL_InitTick
                0x08000ab0       0x28 Drivers/STM32F4xx_HAL_Driver/Src/stm32f4xx_hal.o
                0x08000ab0                HAL_InitTick
 .text.HAL_Init
                0x08000ad8       0x34 Drivers/STM32F4xx_HAL_Driver/Src/stm32f4xx_hal.o
                0x08000ad8                HAL_Init
 .text.HAL_IncTick
                0x08000b0c       0x10 Drivers/STM32F4xx_HAL_Driver/Src/stm32f4xx_hal.o
                0x08000b0c                HAL_IncTick
 .text.HAL_GetTick
                0x08000b1c        0xc Drivers/STM32F4xx_HAL_Driver/Src/stm32f4xx_hal.o
                0x08000b1c                HAL_GetTick
 .text.HAL_Delay
                0x08000b28       0x1a Drivers/STM32F4xx_HAL_Driver/Src/stm32f4xx_hal.o
                0x08000b28                HAL_Delay
 *fill*         0x08000b42        0x2 
 .text.HAL_NVIC_SetPriorityGrouping
                0x08000b44       0x24 Drivers/STM32F4xx_HAL_Driver/Src/stm32f4xx_hal_cortex.o
                0x08000b44                HAL_NVIC_SetPriorityGrouping
 .text.HAL_NVIC_SetPriority
                0x08000b68       0x68 Drivers/STM32F4xx_HAL_Driver/Src/stm32f4xx_hal_cortex.o
                0x08000b68                HAL_NVIC_SetPriority
 .text.HAL_SYSTICK_Config
                0x08000bd0       0x2c Drivers/STM32F4xx_HAL_Driver/Src/stm32f4xx_hal_cortex.o
                0x08000bd0                HAL_SYSTICK_Config
 .text.HAL_SYSTICK_CLKSourceConfig
                0x08000bfc       0x18 Drivers/STM32F4xx_HAL_Driver/Src/stm32f4xx_hal_cortex.o
                0x08000bfc                HAL_SYSTICK_CLKSourceConfig
 .text.HAL_SYSTICK_Callback
                0x08000c14        0x2 Drivers/STM32F4xx_HAL_Driver/Src/stm32f4xx_hal_cortex.o
                0x08000c14                HAL_SYSTICK_Callback
 .text.HAL_SYSTICK_IRQHandler
                0x08000c16        0x8 Drivers/STM32F4xx_HAL_Driver/Src/stm32f4xx_hal_cortex.o
                0x08000c16                HAL_SYSTICK_IRQHandler
 *fill*         0x08000c1e        0x2 
 .text.HAL_GPIO_Init
                0x08000c20      0x1c0 Drivers/STM32F4xx_HAL_Driver/Src/stm32f4xx_hal_gpio.o
                0x08000c20                HAL_GPIO_Init
 .text.HAL_GPIO_WritePin
                0x08000de0        0x8 Drivers/STM32F4xx_HAL_Driver/Src/stm32f4xx_hal_gpio.o
                0x08000de0                HAL_GPIO_WritePin
 .text.HAL_RCC_OscConfig
                0x08000de8      0x2d0 Drivers/STM32F4xx_HAL_Driver/Src/stm32f4xx_hal_rcc.o
                0x08000de8                HAL_RCC_OscConfig
 .text.HAL_RCC_GetSysClockFreq
                0x080010b8       0x7c Drivers/STM32F4xx_HAL_Driver/Src/stm32f4xx_hal_rcc.o
                0x080010b8                HAL_RCC_GetSysClockFreq
 .text.HAL_RCC_ClockConfig
                0x08001134      0x168 Drivers/STM32F4xx_HAL_Driver/Src/stm32f4xx_hal_rcc.o
                0x08001134                HAL_RCC_ClockConfig
 .text.HAL_RCC_GetHCLKFreq
                0x0800129c        0xc Drivers/STM32F4xx_HAL_Driver/Src/stm32f4xx_hal_rcc.o
                0x0800129c                HAL_RCC_GetHCLKFreq
 .text.HAL_RCC_GetPCLK1Freq
                0x080012a8       0x30 Drivers/STM32F4xx_HAL_Driver/Src/stm32f4xx_hal_rcc.o
                0x080012a8                HAL_RCC_GetPCLK1Freq
 .text.HAL_RCC_GetPCLK2Freq
                0x080012d8       0x30 Drivers/STM32F4xx_HAL_Driver/Src/stm32f4xx_hal_rcc.o
                0x080012d8                HAL_RCC_GetPCLK2Freq
 .text.SPI_WaitFlagStateUntilTimeout
                0x08001308       0x8e Drivers/STM32F4xx_HAL_Driver/Src/stm32f4xx_hal_spi.o
 .text.SPI_CheckFlag_BSY
                0x08001396       0x20 Drivers/STM32F4xx_HAL_Driver/Src/stm32f4xx_hal_spi.o
 .text.HAL_SPI_Init
                0x080013b6       0x7a Drivers/STM32F4xx_HAL_Driver/Src/stm32f4xx_hal_spi.o
                0x080013b6                HAL_SPI_Init
 .text.HAL_SPI_Transmit
                0x08001430      0x15a Drivers/STM32F4xx_HAL_Driver/Src/stm32f4xx_hal_spi.o
                0x08001430                HAL_SPI_Transmit
 .text.HAL_SPI_TransmitReceive
                0x0800158a      0x214 Drivers/STM32F4xx_HAL_Driver/Src/stm32f4xx_hal_spi.o
                0x0800158a                HAL_SPI_TransmitReceive
 .text.HAL_SPI_Receive
                0x0800179e      0x140 Drivers/STM32F4xx_HAL_Driver/Src/stm32f4xx_hal_spi.o
                0x0800179e                HAL_SPI_Receive
 *fill*         0x080018de        0x2 
 .text.UART_SetConfig
                0x080018e0      0x23c Drivers/STM32F4xx_HAL_Driver/Src/stm32f4xx_hal_uart.o
 .text.UART_WaitOnFlagUntilTimeout.constprop.3
                0x08001b1c       0x50 Drivers/STM32F4xx_HAL_Driver/Src/stm32f4xx_hal_uart.o
 .text.HAL_UART_Init
                0x08001b6c       0x5c Drivers/STM32F4xx_HAL_Driver/Src/stm32f4xx_hal_uart.o
                0x08001b6c                HAL_UART_Init
 .text.HAL_UART_Transmit
                0x08001bc8       0xbc Drivers/STM32F4xx_HAL_Driver/Src/stm32f4xx_hal_uart.o
                0x08001bc8                HAL_UART_Transmit
 .text.SystemClock_Config
                0x08001c84       0xac Src/main.o
                0x08001c84                SystemClock_Config
 .text.startup.main
                0x08001d30      0x558 Src/main.o
                0x08001d30                main
 .text.HAL_MspInit
                0x08002288       0x60 Src/stm32f4xx_hal_msp.o
                0x08002288                HAL_MspInit
 .text.HAL_SPI_MspInit
                0x080022e8       0x4c Src/stm32f4xx_hal_msp.o
                0x080022e8                HAL_SPI_MspInit
 .text.HAL_UART_MspInit
                0x08002334       0x50 Src/stm32f4xx_hal_msp.o
                0x08002334                HAL_UART_MspInit
 .text.SysTick_Handler
                0x08002384        0xe Src/stm32f4xx_it.o
                0x08002384                SysTick_Handler
 *fill*         0x08002392        0x2 
 .text.__libc_init_array
                0x08002394       0x4c c:/ac6/systemworkbench/plugins/fr.ac6.mcu.externaltools.arm-none.win32_1.7.0.201602121829/tools/compiler/bin/../lib/gcc/arm-none-eabi/5.2.1/../../../../arm-none-eabi/lib/armv7e-m/fpu\libc_nano.a(lib_a-init.o)
                0x08002394                __libc_init_array
 .text.__itoa   0x080023e0       0x2e c:/ac6/systemworkbench/plugins/fr.ac6.mcu.externaltools.arm-none.win32_1.7.0.201602121829/tools/compiler/bin/../lib/gcc/arm-none-eabi/5.2.1/../../../../arm-none-eabi/lib/armv7e-m/fpu\libc_nano.a(lib_a-itoa.o)
                0x080023e0                __itoa
 .text.itoa     0x0800240e        0x4 c:/ac6/systemworkbench/plugins/fr.ac6.mcu.externaltools.arm-none.win32_1.7.0.201602121829/tools/compiler/bin/../lib/gcc/arm-none-eabi/5.2.1/../../../../arm-none-eabi/lib/armv7e-m/fpu\libc_nano.a(lib_a-itoa.o)
                0x0800240e                itoa
 *fill*         0x08002412        0x2 
 .text.__utoa   0x08002414       0x78 c:/ac6/systemworkbench/plugins/fr.ac6.mcu.externaltools.arm-none.win32_1.7.0.201602121829/tools/compiler/bin/../lib/gcc/arm-none-eabi/5.2.1/../../../../arm-none-eabi/lib/armv7e-m/fpu\libc_nano.a(lib_a-utoa.o)
                0x08002414                __utoa
 *(.glue_7)
 .glue_7        0x0800248c        0x0 linker stubs
 *(.glue_7t)
 .glue_7t       0x0800248c        0x0 linker stubs
 *(.eh_frame)
 .eh_frame      0x0800248c        0x0 c:/ac6/systemworkbench/plugins/fr.ac6.mcu.externaltools.arm-none.win32_1.7.0.201602121829/tools/compiler/bin/../lib/gcc/arm-none-eabi/5.2.1/armv7e-m/fpu/crtbegin.o
 *(.init)
 .init          0x0800248c        0x4 c:/ac6/systemworkbench/plugins/fr.ac6.mcu.externaltools.arm-none.win32_1.7.0.201602121829/tools/compiler/bin/../lib/gcc/arm-none-eabi/5.2.1/armv7e-m/fpu/crti.o
                0x0800248c                _init
 .init          0x08002490        0x8 c:/ac6/systemworkbench/plugins/fr.ac6.mcu.externaltools.arm-none.win32_1.7.0.201602121829/tools/compiler/bin/../lib/gcc/arm-none-eabi/5.2.1/armv7e-m/fpu/crtn.o
 *(.fini)
 .fini          0x08002498        0x4 c:/ac6/systemworkbench/plugins/fr.ac6.mcu.externaltools.arm-none.win32_1.7.0.201602121829/tools/compiler/bin/../lib/gcc/arm-none-eabi/5.2.1/armv7e-m/fpu/crti.o
                0x08002498                _fini
 .fini          0x0800249c        0x8 c:/ac6/systemworkbench/plugins/fr.ac6.mcu.externaltools.arm-none.win32_1.7.0.201602121829/tools/compiler/bin/../lib/gcc/arm-none-eabi/5.2.1/armv7e-m/fpu/crtn.o
                0x080024a4                . = ALIGN (0x4)
                0x080024a4                _etext = .

.vfp11_veneer   0x080024a4        0x0
 .vfp11_veneer  0x080024a4        0x0 linker stubs

.v4_bx          0x080024a4        0x0
 .v4_bx         0x080024a4        0x0 linker stubs

.iplt           0x080024a4        0x0
 .iplt          0x080024a4        0x0 c:/ac6/systemworkbench/plugins/fr.ac6.mcu.externaltools.arm-none.win32_1.7.0.201602121829/tools/compiler/bin/../lib/gcc/arm-none-eabi/5.2.1/armv7e-m/fpu/crtbegin.o

.rodata         0x080024a4       0x48
                0x080024a4                . = ALIGN (0x4)
 *(.rodata)
 .rodata        0x080024a4       0x10 Drivers/STM32F4xx_HAL_Driver/Src/stm32f4xx_hal_rcc.o
                0x080024a4                APBAHBPrescTable
 *(.rodata*)
 .rodata.str1.1
                0x080024b4       0x12 Src/main.o
 .rodata.str1.1
                0x080024c6       0x25 c:/ac6/systemworkbench/plugins/fr.ac6.mcu.externaltools.arm-none.win32_1.7.0.201602121829/tools/compiler/bin/../lib/gcc/arm-none-eabi/5.2.1/../../../../arm-none-eabi/lib/armv7e-m/fpu\libc_nano.a(lib_a-utoa.o)
                0x080024ec                . = ALIGN (0x4)
 *fill*         0x080024eb        0x1 

.rel.dyn        0x080024ec        0x0
 .rel.iplt      0x080024ec        0x0 c:/ac6/systemworkbench/plugins/fr.ac6.mcu.externaltools.arm-none.win32_1.7.0.201602121829/tools/compiler/bin/../lib/gcc/arm-none-eabi/5.2.1/armv7e-m/fpu/crtbegin.o

.ARM.extab
 *(.ARM.extab* .gnu.linkonce.armextab.*)

.ARM            0x080024ec        0x0
                0x080024ec                __exidx_start = .
 *(.ARM.exidx*)
                0x080024ec                __exidx_end = .

.preinit_array  0x080024ec        0x0
                0x080024ec                PROVIDE (__preinit_array_start, .)
 *(.preinit_array*)
                0x080024ec                PROVIDE (__preinit_array_end, .)

.init_array     0x080024ec        0x4
                0x080024ec                PROVIDE (__init_array_start, .)
 *(SORT(.init_array.*))
 *(.init_array*)
 .init_array    0x080024ec        0x4 c:/ac6/systemworkbench/plugins/fr.ac6.mcu.externaltools.arm-none.win32_1.7.0.201602121829/tools/compiler/bin/../lib/gcc/arm-none-eabi/5.2.1/armv7e-m/fpu/crtbegin.o
                0x080024f0                PROVIDE (__init_array_end, .)

.fini_array     0x080024f0        0x4
                [!provide]                PROVIDE (__fini_array_start, .)
 *(SORT(.fini_array.*))
 *(.fini_array*)
 .fini_array    0x080024f0        0x4 c:/ac6/systemworkbench/plugins/fr.ac6.mcu.externaltools.arm-none.win32_1.7.0.201602121829/tools/compiler/bin/../lib/gcc/arm-none-eabi/5.2.1/armv7e-m/fpu/crtbegin.o
                [!provide]                PROVIDE (__fini_array_end, .)
                0x080024f4                _sidata = LOADADDR (.data)

.data           0x20000000        0x4 load address 0x080024f4
                0x20000000                . = ALIGN (0x4)
                0x20000000                _sdata = .
 *(.data)
 .data          0x20000000        0x4 Drivers/CMSIS/Device/ST/STM32F4xx/Source/Templates/system_stm32f4xx.o
                0x20000000                SystemCoreClock
 *(.data*)
                0x20000004                . = ALIGN (0x4)
                0x20000004                _edata = .
                0x080024f8                _siccmram = LOADADDR (.ccmram)

.jcr            0x20000004        0x0 load address 0x080024f8
 .jcr           0x20000004        0x0 c:/ac6/systemworkbench/plugins/fr.ac6.mcu.externaltools.arm-none.win32_1.7.0.201602121829/tools/compiler/bin/../lib/gcc/arm-none-eabi/5.2.1/armv7e-m/fpu/crtbegin.o

.tm_clone_table
                0x20000004        0x0 load address 0x080024f8
 .tm_clone_table
                0x20000004        0x0 c:/ac6/systemworkbench/plugins/fr.ac6.mcu.externaltools.arm-none.win32_1.7.0.201602121829/tools/compiler/bin/../lib/gcc/arm-none-eabi/5.2.1/armv7e-m/fpu/crtbegin.o
 .tm_clone_table
                0x20000004        0x0 c:/ac6/systemworkbench/plugins/fr.ac6.mcu.externaltools.arm-none.win32_1.7.0.201602121829/tools/compiler/bin/../lib/gcc/arm-none-eabi/5.2.1/armv7e-m/fpu/crtend.o

.igot.plt       0x20000004        0x0 load address 0x080024f8
 .igot.plt      0x20000004        0x0 c:/ac6/systemworkbench/plugins/fr.ac6.mcu.externaltools.arm-none.win32_1.7.0.201602121829/tools/compiler/bin/../lib/gcc/arm-none-eabi/5.2.1/armv7e-m/fpu/crtbegin.o

.ccmram         0x10000000        0x0 load address 0x080024f8
                0x10000000                . = ALIGN (0x4)
                0x10000000                _sccmram = .
 *(.ccmram)
 *(.ccmram*)
                0x10000000                . = ALIGN (0x4)
                0x10000000                _eccmram = .
                0x10000000                . = ALIGN (0x4)

.bss            0x20000004       0xb8
                0x20000004                _sbss = .
                0x20000004                __bss_start__ = _sbss
 *(.bss)
 .bss           0x20000004       0x1c c:/ac6/systemworkbench/plugins/fr.ac6.mcu.externaltools.arm-none.win32_1.7.0.201602121829/tools/compiler/bin/../lib/gcc/arm-none-eabi/5.2.1/armv7e-m/fpu/crtbegin.o
 *(.bss*)
 *(COMMON)
 COMMON         0x20000020        0x4 Drivers/STM32F4xx_HAL_Driver/Src/stm32f4xx_hal.o
                0x20000020                uwTick
 COMMON         0x20000024       0x98 Src/main.o
                0x20000024                hspi1
                0x2000007c                huart2
                0x200000bc                . = ALIGN (0x4)
                0x200000bc                _ebss = .
                0x200000bc                __bss_end__ = _ebss

._user_heap_stack
                0x200000bc      0x604
                0x200000c0                . = ALIGN (0x8)
 *fill*         0x200000bc        0x4 
                [!provide]                PROVIDE (end, .)
                [!provide]                PROVIDE (_end, .)
                0x200002c0                . = (. + _Min_Heap_Size)
 *fill*         0x200000c0      0x200 
                0x200006c0                . = (. + _Min_Stack_Size)
 *fill*         0x200002c0      0x400 
                0x200006c0                . = ALIGN (0x8)

/DISCARD/
 libc.a(*)
 libm.a(*)
 libgcc.a(*)

.ARM.attributes
                0x00000000       0x30
 *(.ARM.attributes)
 .ARM.attributes
                0x00000000       0x22 c:/ac6/systemworkbench/plugins/fr.ac6.mcu.externaltools.arm-none.win32_1.7.0.201602121829/tools/compiler/bin/../lib/gcc/arm-none-eabi/5.2.1/armv7e-m/fpu/crti.o
 .ARM.attributes
                0x00000022       0x34 c:/ac6/systemworkbench/plugins/fr.ac6.mcu.externaltools.arm-none.win32_1.7.0.201602121829/tools/compiler/bin/../lib/gcc/arm-none-eabi/5.2.1/armv7e-m/fpu/crtbegin.o
 .ARM.attributes
                0x00000056       0x21 Drivers/CMSIS/Device/ST/STM32F4xx/Source/Templates/gcc/startup_stm32f407xx.o
 .ARM.attributes
                0x00000077       0x39 Drivers/CMSIS/Device/ST/STM32F4xx/Source/Templates/system_stm32f4xx.o
 .ARM.attributes
                0x000000b0       0x39 Drivers/STM32F4xx_HAL_Driver/Src/stm32f4xx_hal.o
 .ARM.attributes
                0x000000e9       0x39 Drivers/STM32F4xx_HAL_Driver/Src/stm32f4xx_hal_cortex.o
 .ARM.attributes
                0x00000122       0x39 Drivers/STM32F4xx_HAL_Driver/Src/stm32f4xx_hal_gpio.o
 .ARM.attributes
                0x0000015b       0x39 Drivers/STM32F4xx_HAL_Driver/Src/stm32f4xx_hal_rcc.o
 .ARM.attributes
                0x00000194       0x39 Drivers/STM32F4xx_HAL_Driver/Src/stm32f4xx_hal_spi.o
 .ARM.attributes
                0x000001cd       0x39 Drivers/STM32F4xx_HAL_Driver/Src/stm32f4xx_hal_uart.o
 .ARM.attributes
                0x00000206       0x39 Src/main.o
 .ARM.attributes
                0x0000023f       0x39 Src/stm32f4xx_hal_msp.o
 .ARM.attributes
                0x00000278       0x39 Src/stm32f4xx_it.o
 .ARM.attributes
                0x000002b1       0x22 c:/ac6/systemworkbench/plugins/fr.ac6.mcu.externaltools.arm-none.win32_1.7.0.201602121829/tools/compiler/bin/../lib/gcc/arm-none-eabi/5.2.1/armv7e-m/fpu\libgcc.a(_arm_addsubdf3.o)
 .ARM.attributes
                0x000002d3       0x22 c:/ac6/systemworkbench/plugins/fr.ac6.mcu.externaltools.arm-none.win32_1.7.0.201602121829/tools/compiler/bin/../lib/gcc/arm-none-eabi/5.2.1/armv7e-m/fpu\libgcc.a(_arm_muldivdf3.o)
 .ARM.attributes
                0x000002f5       0x22 c:/ac6/systemworkbench/plugins/fr.ac6.mcu.externaltools.arm-none.win32_1.7.0.201602121829/tools/compiler/bin/../lib/gcc/arm-none-eabi/5.2.1/armv7e-m/fpu\libgcc.a(_arm_fixdfsi.o)
 .ARM.attributes
                0x00000317       0x34 c:/ac6/systemworkbench/plugins/fr.ac6.mcu.externaltools.arm-none.win32_1.7.0.201602121829/tools/compiler/bin/../lib/gcc/arm-none-eabi/5.2.1/../../../../arm-none-eabi/lib/armv7e-m/fpu\libc_nano.a(lib_a-init.o)
 .ARM.attributes
                0x0000034b       0x34 c:/ac6/systemworkbench/plugins/fr.ac6.mcu.externaltools.arm-none.win32_1.7.0.201602121829/tools/compiler/bin/../lib/gcc/arm-none-eabi/5.2.1/../../../../arm-none-eabi/lib/armv7e-m/fpu\libc_nano.a(lib_a-itoa.o)
 .ARM.attributes
                0x0000037f       0x34 c:/ac6/systemworkbench/plugins/fr.ac6.mcu.externaltools.arm-none.win32_1.7.0.201602121829/tools/compiler/bin/../lib/gcc/arm-none-eabi/5.2.1/../../../../arm-none-eabi/lib/armv7e-m/fpu\libc_nano.a(lib_a-utoa.o)
 .ARM.attributes
                0x000003b3       0x34 c:/ac6/systemworkbench/plugins/fr.ac6.mcu.externaltools.arm-none.win32_1.7.0.201602121829/tools/compiler/bin/../lib/gcc/arm-none-eabi/5.2.1/armv7e-m/fpu/crtend.o
 .ARM.attributes
                0x000003e7       0x22 c:/ac6/systemworkbench/plugins/fr.ac6.mcu.externaltools.arm-none.win32_1.7.0.201602121829/tools/compiler/bin/../lib/gcc/arm-none-eabi/5.2.1/armv7e-m/fpu/crtn.o
OUTPUT(LIS302DL.elf elf32-littlearm)

.debug_line     0x00000000     0x673b
 .debug_line    0x00000000       0xae Drivers/CMSIS/Device/ST/STM32F4xx/Source/Templates/gcc/startup_stm32f407xx.o
 .debug_line    0x000000ae      0x807 Drivers/CMSIS/Device/ST/STM32F4xx/Source/Templates/system_stm32f4xx.o
 .debug_line    0x000008b5      0x937 Drivers/STM32F4xx_HAL_Driver/Src/stm32f4xx_hal.o
 .debug_line    0x000011ec      0x9ab Drivers/STM32F4xx_HAL_Driver/Src/stm32f4xx_hal_cortex.o
 .debug_line    0x00001b97      0x97d Drivers/STM32F4xx_HAL_Driver/Src/stm32f4xx_hal_gpio.o
 .debug_line    0x00002514      0xab8 Drivers/STM32F4xx_HAL_Driver/Src/stm32f4xx_hal_rcc.o
 .debug_line    0x00002fcc      0xf71 Drivers/STM32F4xx_HAL_Driver/Src/stm32f4xx_hal_spi.o
 .debug_line    0x00003f3d      0xf2a Drivers/STM32F4xx_HAL_Driver/Src/stm32f4xx_hal_uart.o
 .debug_line    0x00004e67      0x8f9 Src/main.o
 .debug_line    0x00005760      0x826 Src/stm32f4xx_hal_msp.o
 .debug_line    0x00005f86      0x7b5 Src/stm32f4xx_it.o

.debug_info     0x00000000     0x847a
 .debug_info    0x00000000       0xb6 Drivers/CMSIS/Device/ST/STM32F4xx/Source/Templates/gcc/startup_stm32f407xx.o
 .debug_info    0x000000b6      0x4b0 Drivers/CMSIS/Device/ST/STM32F4xx/Source/Templates/system_stm32f4xx.o
 .debug_info    0x00000566      0x8e0 Drivers/STM32F4xx_HAL_Driver/Src/stm32f4xx_hal.o
 .debug_info    0x00000e46      0xe6a Drivers/STM32F4xx_HAL_Driver/Src/stm32f4xx_hal_cortex.o
 .debug_info    0x00001cb0      0x721 Drivers/STM32F4xx_HAL_Driver/Src/stm32f4xx_hal_gpio.o
 .debug_info    0x000023d1      0xc82 Drivers/STM32F4xx_HAL_Driver/Src/stm32f4xx_hal_rcc.o
 .debug_info    0x00003053     0x183c Drivers/STM32F4xx_HAL_Driver/Src/stm32f4xx_hal_spi.o
 .debug_info    0x0000488f     0x1295 Drivers/STM32F4xx_HAL_Driver/Src/stm32f4xx_hal_uart.o
 .debug_info    0x00005b24     0x19c3 Src/main.o
 .debug_info    0x000074e7      0xea8 Src/stm32f4xx_hal_msp.o
 .debug_info    0x0000838f       0xeb Src/stm32f4xx_it.o

.debug_abbrev   0x00000000     0x1691
 .debug_abbrev  0x00000000       0x12 Drivers/CMSIS/Device/ST/STM32F4xx/Source/Templates/gcc/startup_stm32f407xx.o
 .debug_abbrev  0x00000012      0x104 Drivers/CMSIS/Device/ST/STM32F4xx/Source/Templates/system_stm32f4xx.o
 .debug_abbrev  0x00000116      0x247 Drivers/STM32F4xx_HAL_Driver/Src/stm32f4xx_hal.o
 .debug_abbrev  0x0000035d      0x332 Drivers/STM32F4xx_HAL_Driver/Src/stm32f4xx_hal_cortex.o
 .debug_abbrev  0x0000068f      0x1cb Drivers/STM32F4xx_HAL_Driver/Src/stm32f4xx_hal_gpio.o
 .debug_abbrev  0x0000085a      0x321 Drivers/STM32F4xx_HAL_Driver/Src/stm32f4xx_hal_rcc.o
 .debug_abbrev  0x00000b7b      0x33a Drivers/STM32F4xx_HAL_Driver/Src/stm32f4xx_hal_spi.o
 .debug_abbrev  0x00000eb5      0x2ef Drivers/STM32F4xx_HAL_Driver/Src/stm32f4xx_hal_uart.o
 .debug_abbrev  0x000011a4      0x29a Src/main.o
 .debug_abbrev  0x0000143e      0x1ac Src/stm32f4xx_hal_msp.o
 .debug_abbrev  0x000015ea       0xa7 Src/stm32f4xx_it.o

.debug_aranges  0x00000000      0x578
 .debug_aranges
                0x00000000       0x28 Drivers/CMSIS/Device/ST/STM32F4xx/Source/Templates/gcc/startup_stm32f407xx.o
 .debug_aranges
                0x00000028       0x28 Drivers/CMSIS/Device/ST/STM32F4xx/Source/Templates/system_stm32f4xx.o
 .debug_aranges
                0x00000050       0xb8 Drivers/STM32F4xx_HAL_Driver/Src/stm32f4xx_hal.o
 .debug_aranges
                0x00000108       0x98 Drivers/STM32F4xx_HAL_Driver/Src/stm32f4xx_hal_cortex.o
 .debug_aranges
                0x000001a0       0x58 Drivers/STM32F4xx_HAL_Driver/Src/stm32f4xx_hal_gpio.o
 .debug_aranges
                0x000001f8       0x80 Drivers/STM32F4xx_HAL_Driver/Src/stm32f4xx_hal_rcc.o
 .debug_aranges
                0x00000278      0x150 Drivers/STM32F4xx_HAL_Driver/Src/stm32f4xx_hal_spi.o
 .debug_aranges
                0x000003c8      0x120 Drivers/STM32F4xx_HAL_Driver/Src/stm32f4xx_hal_uart.o
 .debug_aranges
                0x000004e8       0x30 Src/main.o
 .debug_aranges
                0x00000518       0x40 Src/stm32f4xx_hal_msp.o
 .debug_aranges
                0x00000558       0x20 Src/stm32f4xx_it.o

.debug_ranges   0x00000000      0x7a8
 .debug_ranges  0x00000000       0x20 Drivers/CMSIS/Device/ST/STM32F4xx/Source/Templates/gcc/startup_stm32f407xx.o
 .debug_ranges  0x00000020       0x18 Drivers/CMSIS/Device/ST/STM32F4xx/Source/Templates/system_stm32f4xx.o
 .debug_ranges  0x00000038       0xa8 Drivers/STM32F4xx_HAL_Driver/Src/stm32f4xx_hal.o
 .debug_ranges  0x000000e0      0x148 Drivers/STM32F4xx_HAL_Driver/Src/stm32f4xx_hal_cortex.o
 .debug_ranges  0x00000228       0x70 Drivers/STM32F4xx_HAL_Driver/Src/stm32f4xx_hal_gpio.o
 .debug_ranges  0x00000298      0x150 Drivers/STM32F4xx_HAL_Driver/Src/stm32f4xx_hal_rcc.o
 .debug_ranges  0x000003e8      0x170 Drivers/STM32F4xx_HAL_Driver/Src/stm32f4xx_hal_spi.o
 .debug_ranges  0x00000558      0x128 Drivers/STM32F4xx_HAL_Driver/Src/stm32f4xx_hal_uart.o
 .debug_ranges  0x00000680       0xb0 Src/main.o
 .debug_ranges  0x00000730       0x68 Src/stm32f4xx_hal_msp.o
 .debug_ranges  0x00000798       0x10 Src/stm32f4xx_it.o

.debug_loc      0x00000000     0x3896
 .debug_loc     0x00000000       0xd7 Drivers/CMSIS/Device/ST/STM32F4xx/Source/Templates/system_stm32f4xx.o
 .debug_loc     0x000000d7       0x92 Drivers/STM32F4xx_HAL_Driver/Src/stm32f4xx_hal.o
 .debug_loc     0x00000169      0x4ab Drivers/STM32F4xx_HAL_Driver/Src/stm32f4xx_hal_cortex.o
 .debug_loc     0x00000614      0x374 Drivers/STM32F4xx_HAL_Driver/Src/stm32f4xx_hal_gpio.o
 .debug_loc     0x00000988      0x49b Drivers/STM32F4xx_HAL_Driver/Src/stm32f4xx_hal_rcc.o
 .debug_loc     0x00000e23     0x1725 Drivers/STM32F4xx_HAL_Driver/Src/stm32f4xx_hal_spi.o
 .debug_loc     0x00002548     0x11a0 Drivers/STM32F4xx_HAL_Driver/Src/stm32f4xx_hal_uart.o
 .debug_loc     0x000036e8      0x114 Src/main.o
 .debug_loc     0x000037fc       0x9a Src/stm32f4xx_hal_msp.o

.debug_macro    0x00000000    0x1354f
 .debug_macro   0x00000000      0x2d5 Drivers/CMSIS/Device/ST/STM32F4xx/Source/Templates/system_stm32f4xx.o
 .debug_macro   0x000002d5      0x89e Drivers/CMSIS/Device/ST/STM32F4xx/Source/Templates/system_stm32f4xx.o
 .debug_macro   0x00000b73       0x31 Drivers/CMSIS/Device/ST/STM32F4xx/Source/Templates/system_stm32f4xx.o
 .debug_macro   0x00000ba4       0x28 Drivers/CMSIS/Device/ST/STM32F4xx/Source/Templates/system_stm32f4xx.o
 .debug_macro   0x00000bcc       0x22 Drivers/CMSIS/Device/ST/STM32F4xx/Source/Templates/system_stm32f4xx.o
 .debug_macro   0x00000bee       0x44 Drivers/CMSIS/Device/ST/STM32F4xx/Source/Templates/system_stm32f4xx.o
 .debug_macro   0x00000c32       0xfd Drivers/CMSIS/Device/ST/STM32F4xx/Source/Templates/system_stm32f4xx.o
 .debug_macro   0x00000d2f       0x22 Drivers/CMSIS/Device/ST/STM32F4xx/Source/Templates/system_stm32f4xx.o
 .debug_macro   0x00000d51      0x1df Drivers/CMSIS/Device/ST/STM32F4xx/Source/Templates/system_stm32f4xx.o
 .debug_macro   0x00000f30       0x35 Drivers/CMSIS/Device/ST/STM32F4xx/Source/Templates/system_stm32f4xx.o
 .debug_macro   0x00000f65       0x50 Drivers/CMSIS/Device/ST/STM32F4xx/Source/Templates/system_stm32f4xx.o
 .debug_macro   0x00000fb5      0xe66 Drivers/CMSIS/Device/ST/STM32F4xx/Source/Templates/system_stm32f4xx.o
 .debug_macro   0x00001e1b     0x93f9 Drivers/CMSIS/Device/ST/STM32F4xx/Source/Templates/system_stm32f4xx.o
 .debug_macro   0x0000b214       0x43 Drivers/CMSIS/Device/ST/STM32F4xx/Source/Templates/system_stm32f4xx.o
 .debug_macro   0x0000b257      0x14e Drivers/CMSIS/Device/ST/STM32F4xx/Source/Templates/system_stm32f4xx.o
 .debug_macro   0x0000b3a5      0x17f Drivers/CMSIS/Device/ST/STM32F4xx/Source/Templates/system_stm32f4xx.o
 .debug_macro   0x0000b524     0x347f Drivers/CMSIS/Device/ST/STM32F4xx/Source/Templates/system_stm32f4xx.o
 .debug_macro   0x0000e9a3       0x58 Drivers/CMSIS/Device/ST/STM32F4xx/Source/Templates/system_stm32f4xx.o
 .debug_macro   0x0000e9fb       0x35 Drivers/CMSIS/Device/ST/STM32F4xx/Source/Templates/system_stm32f4xx.o
 .debug_macro   0x0000ea30       0x9c Drivers/CMSIS/Device/ST/STM32F4xx/Source/Templates/system_stm32f4xx.o
 .debug_macro   0x0000eacc       0x16 Drivers/CMSIS/Device/ST/STM32F4xx/Source/Templates/system_stm32f4xx.o
 .debug_macro   0x0000eae2       0x97 Drivers/CMSIS/Device/ST/STM32F4xx/Source/Templates/system_stm32f4xx.o
 .debug_macro   0x0000eb79      0x329 Drivers/CMSIS/Device/ST/STM32F4xx/Source/Templates/system_stm32f4xx.o
 .debug_macro   0x0000eea2       0xfd Drivers/CMSIS/Device/ST/STM32F4xx/Source/Templates/system_stm32f4xx.o
 .debug_macro   0x0000ef9f       0x10 Drivers/CMSIS/Device/ST/STM32F4xx/Source/Templates/system_stm32f4xx.o
 .debug_macro   0x0000efaf       0x52 Drivers/CMSIS/Device/ST/STM32F4xx/Source/Templates/system_stm32f4xx.o
 .debug_macro   0x0000f001       0x16 Drivers/CMSIS/Device/ST/STM32F4xx/Source/Templates/system_stm32f4xx.o
 .debug_macro   0x0000f017       0x43 Drivers/CMSIS/Device/ST/STM32F4xx/Source/Templates/system_stm32f4xx.o
 .debug_macro   0x0000f05a      0x187 Drivers/CMSIS/Device/ST/STM32F4xx/Source/Templates/system_stm32f4xx.o
 .debug_macro   0x0000f1e1       0x10 Drivers/CMSIS/Device/ST/STM32F4xx/Source/Templates/system_stm32f4xx.o
 .debug_macro   0x0000f1f1       0x22 Drivers/CMSIS/Device/ST/STM32F4xx/Source/Templates/system_stm32f4xx.o
 .debug_macro   0x0000f213       0x3a Drivers/CMSIS/Device/ST/STM32F4xx/Source/Templates/system_stm32f4xx.o
 .debug_macro   0x0000f24d       0x10 Drivers/CMSIS/Device/ST/STM32F4xx/Source/Templates/system_stm32f4xx.o
 .debug_macro   0x0000f25d       0x40 Drivers/CMSIS/Device/ST/STM32F4xx/Source/Templates/system_stm32f4xx.o
 .debug_macro   0x0000f29d       0x65 Drivers/CMSIS/Device/ST/STM32F4xx/Source/Templates/system_stm32f4xx.o
 .debug_macro   0x0000f302       0x16 Drivers/CMSIS/Device/ST/STM32F4xx/Source/Templates/system_stm32f4xx.o
 .debug_macro   0x0000f318      0x197 Drivers/CMSIS/Device/ST/STM32F4xx/Source/Templates/system_stm32f4xx.o
 .debug_macro   0x0000f4af       0x50 Drivers/CMSIS/Device/ST/STM32F4xx/Source/Templates/system_stm32f4xx.o
 .debug_macro   0x0000f4ff      0x964 Drivers/CMSIS/Device/ST/STM32F4xx/Source/Templates/system_stm32f4xx.o
 .debug_macro   0x0000fe63      0x9e1 Drivers/CMSIS/Device/ST/STM32F4xx/Source/Templates/system_stm32f4xx.o
 .debug_macro   0x00010844      0x11e Drivers/CMSIS/Device/ST/STM32F4xx/Source/Templates/system_stm32f4xx.o
 .debug_macro   0x00010962      0x13e Drivers/CMSIS/Device/ST/STM32F4xx/Source/Templates/system_stm32f4xx.o
 .debug_macro   0x00010aa0       0x27 Drivers/CMSIS/Device/ST/STM32F4xx/Source/Templates/system_stm32f4xx.o
 .debug_macro   0x00010ac7      0x287 Drivers/CMSIS/Device/ST/STM32F4xx/Source/Templates/system_stm32f4xx.o
 .debug_macro   0x00010d4e       0x5f Drivers/CMSIS/Device/ST/STM32F4xx/Source/Templates/system_stm32f4xx.o
 .debug_macro   0x00010dad      0x23a Drivers/CMSIS/Device/ST/STM32F4xx/Source/Templates/system_stm32f4xx.o
 .debug_macro   0x00010fe7      0x13a Drivers/CMSIS/Device/ST/STM32F4xx/Source/Templates/system_stm32f4xx.o
 .debug_macro   0x00011121      0x21e Drivers/CMSIS/Device/ST/STM32F4xx/Source/Templates/system_stm32f4xx.o
 .debug_macro   0x0001133f       0x2e Drivers/CMSIS/Device/ST/STM32F4xx/Source/Templates/system_stm32f4xx.o
 .debug_macro   0x0001136d      0x11e Drivers/CMSIS/Device/ST/STM32F4xx/Source/Templates/system_stm32f4xx.o
 .debug_macro   0x0001148b       0x7f Drivers/CMSIS/Device/ST/STM32F4xx/Source/Templates/system_stm32f4xx.o
 .debug_macro   0x0001150a       0x89 Drivers/CMSIS/Device/ST/STM32F4xx/Source/Templates/system_stm32f4xx.o
 .debug_macro   0x00011593      0x202 Drivers/CMSIS/Device/ST/STM32F4xx/Source/Templates/system_stm32f4xx.o
 .debug_macro   0x00011795      0x287 Drivers/CMSIS/Device/ST/STM32F4xx/Source/Templates/system_stm32f4xx.o
 .debug_macro   0x00011a1c      0x125 Drivers/CMSIS/Device/ST/STM32F4xx/Source/Templates/system_stm32f4xx.o
 .debug_macro   0x00011b41      0x31d Drivers/STM32F4xx_HAL_Driver/Src/stm32f4xx_hal.o
 .debug_macro   0x00011e5e      0x2cf Drivers/STM32F4xx_HAL_Driver/Src/stm32f4xx_hal_cortex.o
 .debug_macro   0x0001212d      0x307 Drivers/STM32F4xx_HAL_Driver/Src/stm32f4xx_hal_gpio.o
 .debug_macro   0x00012434      0x2f9 Drivers/STM32F4xx_HAL_Driver/Src/stm32f4xx_hal_rcc.o
 .debug_macro   0x0001272d      0x2d7 Drivers/STM32F4xx_HAL_Driver/Src/stm32f4xx_hal_spi.o
 .debug_macro   0x00012a04      0x2d0 Drivers/STM32F4xx_HAL_Driver/Src/stm32f4xx_hal_uart.o
 .debug_macro   0x00012cd4      0x2d3 Src/main.o
 .debug_macro   0x00012fa7      0x2cf Src/stm32f4xx_hal_msp.o
 .debug_macro   0x00013276      0x2d9 Src/stm32f4xx_it.o

.debug_str      0x00000000    0x6a37a
 .debug_str     0x00000000    0x6823d Drivers/CMSIS/Device/ST/STM32F4xx/Source/Templates/system_stm32f4xx.o
                              0x684dd (size before relaxing)
 .debug_str     0x0006823d      0x9e3 Drivers/STM32F4xx_HAL_Driver/Src/stm32f4xx_hal.o
                              0x68ea4 (size before relaxing)
 .debug_str     0x00068c20      0x32a Drivers/STM32F4xx_HAL_Driver/Src/stm32f4xx_hal_cortex.o
                              0x68d0f (size before relaxing)
 .debug_str     0x00068f4a      0x2f2 Drivers/STM32F4xx_HAL_Driver/Src/stm32f4xx_hal_gpio.o
                              0x68734 (size before relaxing)
 .debug_str     0x0006923c      0x37d Drivers/STM32F4xx_HAL_Driver/Src/stm32f4xx_hal_rcc.o
                              0x688c3 (size before relaxing)
 .debug_str     0x000695b9      0x7d2 Drivers/STM32F4xx_HAL_Driver/Src/stm32f4xx_hal_spi.o
                              0x68b76 (size before relaxing)
 .debug_str     0x00069d8b      0x4a7 Drivers/STM32F4xx_HAL_Driver/Src/stm32f4xx_hal_uart.o
                              0x68b3a (size before relaxing)
 .debug_str     0x0006a232       0xa3 Src/main.o
                              0x691b1 (size before relaxing)
 .debug_str     0x0006a2d5       0x6d Src/stm32f4xx_hal_msp.o
                              0x68f6c (size before relaxing)
 .debug_str     0x0006a342       0x38 Src/stm32f4xx_it.o
                              0x6830a (size before relaxing)

.comment        0x00000000       0x6e
 .comment       0x00000000       0x6e Drivers/CMSIS/Device/ST/STM32F4xx/Source/Templates/system_stm32f4xx.o
                                 0x6f (size before relaxing)
 .comment       0x0000006e       0x6f Drivers/STM32F4xx_HAL_Driver/Src/stm32f4xx_hal.o
 .comment       0x0000006e       0x6f Drivers/STM32F4xx_HAL_Driver/Src/stm32f4xx_hal_cortex.o
 .comment       0x0000006e       0x6f Drivers/STM32F4xx_HAL_Driver/Src/stm32f4xx_hal_gpio.o
 .comment       0x0000006e       0x6f Drivers/STM32F4xx_HAL_Driver/Src/stm32f4xx_hal_rcc.o
 .comment       0x0000006e       0x6f Drivers/STM32F4xx_HAL_Driver/Src/stm32f4xx_hal_spi.o
 .comment       0x0000006e       0x6f Drivers/STM32F4xx_HAL_Driver/Src/stm32f4xx_hal_uart.o
 .comment       0x0000006e       0x6f Src/main.o
 .comment       0x0000006e       0x6f Src/stm32f4xx_hal_msp.o
 .comment       0x0000006e       0x6f Src/stm32f4xx_it.o

.debug_frame    0x00000000      0xeb0
 .debug_frame   0x00000000       0x30 Drivers/CMSIS/Device/ST/STM32F4xx/Source/Templates/system_stm32f4xx.o
 .debug_frame   0x00000030      0x184 Drivers/STM32F4xx_HAL_Driver/Src/stm32f4xx_hal.o
 .debug_frame   0x000001b4      0x130 Drivers/STM32F4xx_HAL_Driver/Src/stm32f4xx_hal_cortex.o
 .debug_frame   0x000002e4       0xd4 Drivers/STM32F4xx_HAL_Driver/Src/stm32f4xx_hal_gpio.o
 .debug_frame   0x000003b8      0x138 Drivers/STM32F4xx_HAL_Driver/Src/stm32f4xx_hal_rcc.o
 .debug_frame   0x000004f0      0x490 Drivers/STM32F4xx_HAL_Driver/Src/stm32f4xx_hal_spi.o
 .debug_frame   0x00000980      0x374 Drivers/STM32F4xx_HAL_Driver/Src/stm32f4xx_hal_uart.o
 .debug_frame   0x00000cf4       0x6c Src/main.o
 .debug_frame   0x00000d60       0x7c Src/stm32f4xx_hal_msp.o
 .debug_frame   0x00000ddc       0x2c Src/stm32f4xx_it.o
 .debug_frame   0x00000e08       0x2c c:/ac6/systemworkbench/plugins/fr.ac6.mcu.externaltools.arm-none.win32_1.7.0.201602121829/tools/compiler/bin/../lib/gcc/arm-none-eabi/5.2.1/../../../../arm-none-eabi/lib/armv7e-m/fpu\libc_nano.a(lib_a-init.o)
 .debug_frame   0x00000e34       0x38 c:/ac6/systemworkbench/plugins/fr.ac6.mcu.externaltools.arm-none.win32_1.7.0.201602121829/tools/compiler/bin/../lib/gcc/arm-none-eabi/5.2.1/../../../../arm-none-eabi/lib/armv7e-m/fpu\libc_nano.a(lib_a-itoa.o)
 .debug_frame   0x00000e6c       0x44 c:/ac6/systemworkbench/plugins/fr.ac6.mcu.externaltools.arm-none.win32_1.7.0.201602121829/tools/compiler/bin/../lib/gcc/arm-none-eabi/5.2.1/../../../../arm-none-eabi/lib/armv7e-m/fpu\libc_nano.a(lib_a-utoa.o)
