Archive member included to satisfy reference by file (symbol)

c:/ac6/systemworkbench/plugins/fr.ac6.mcu.externaltools.arm-none.win32_1.7.0.201602121829/tools/compiler/bin/../lib/gcc/arm-none-eabi/5.2.1/armv7e-m/fpu\libgcc.a(_arm_addsubdf3.o)
                              Src/main.o (__aeabi_f2d)
c:/ac6/systemworkbench/plugins/fr.ac6.mcu.externaltools.arm-none.win32_1.7.0.201602121829/tools/compiler/bin/../lib/gcc/arm-none-eabi/5.2.1/armv7e-m/fpu\libgcc.a(_arm_muldivdf3.o)
                              Src/main.o (__aeabi_dmul)
c:/ac6/systemworkbench/plugins/fr.ac6.mcu.externaltools.arm-none.win32_1.7.0.201602121829/tools/compiler/bin/../lib/gcc/arm-none-eabi/5.2.1/armv7e-m/fpu\libgcc.a(_arm_truncdfsf2.o)
                              Src/main.o (__aeabi_d2f)
c:/ac6/systemworkbench/plugins/fr.ac6.mcu.externaltools.arm-none.win32_1.7.0.201602121829/tools/compiler/bin/../lib/gcc/arm-none-eabi/5.2.1/../../../../arm-none-eabi/lib/armv7e-m/fpu\libc_nano.a(lib_a-exit.o)
                              c:/ac6/systemworkbench/plugins/fr.ac6.mcu.externaltools.arm-none.win32_1.7.0.201602121829/tools/compiler/bin/../lib/gcc/arm-none-eabi/5.2.1/../../../../arm-none-eabi/lib/armv7e-m/fpu/crt0.o (exit)
c:/ac6/systemworkbench/plugins/fr.ac6.mcu.externaltools.arm-none.win32_1.7.0.201602121829/tools/compiler/bin/../lib/gcc/arm-none-eabi/5.2.1/../../../../arm-none-eabi/lib/armv7e-m/fpu\libc_nano.a(lib_a-impure.o)
                              c:/ac6/systemworkbench/plugins/fr.ac6.mcu.externaltools.arm-none.win32_1.7.0.201602121829/tools/compiler/bin/../lib/gcc/arm-none-eabi/5.2.1/../../../../arm-none-eabi/lib/armv7e-m/fpu\libc_nano.a(lib_a-exit.o) (_global_impure_ptr)
c:/ac6/systemworkbench/plugins/fr.ac6.mcu.externaltools.arm-none.win32_1.7.0.201602121829/tools/compiler/bin/../lib/gcc/arm-none-eabi/5.2.1/../../../../arm-none-eabi/lib/armv7e-m/fpu\libc_nano.a(lib_a-init.o)
                              c:/ac6/systemworkbench/plugins/fr.ac6.mcu.externaltools.arm-none.win32_1.7.0.201602121829/tools/compiler/bin/../lib/gcc/arm-none-eabi/5.2.1/../../../../arm-none-eabi/lib/armv7e-m/fpu/crt0.o (__libc_init_array)
c:/ac6/systemworkbench/plugins/fr.ac6.mcu.externaltools.arm-none.win32_1.7.0.201602121829/tools/compiler/bin/../lib/gcc/arm-none-eabi/5.2.1/../../../../arm-none-eabi/lib/armv7e-m/fpu\libc_nano.a(lib_a-memset.o)
                              c:/ac6/systemworkbench/plugins/fr.ac6.mcu.externaltools.arm-none.win32_1.7.0.201602121829/tools/compiler/bin/../lib/gcc/arm-none-eabi/5.2.1/../../../../arm-none-eabi/lib/armv7e-m/fpu/crt0.o (memset)
c:/ac6/systemworkbench/plugins/fr.ac6.mcu.externaltools.arm-none.win32_1.7.0.201602121829/tools/compiler/bin/../lib/gcc/arm-none-eabi/5.2.1/../../../../arm-none-eabi/lib/armv7e-m/fpu\libc_nano.a(lib_a-sprintf.o)
                              Src/main.o (sprintf)
c:/ac6/systemworkbench/plugins/fr.ac6.mcu.externaltools.arm-none.win32_1.7.0.201602121829/tools/compiler/bin/../lib/gcc/arm-none-eabi/5.2.1/../../../../arm-none-eabi/lib/armv7e-m/fpu\libc_nano.a(lib_a-strlen.o)
                              Src/main.o (strlen)
c:/ac6/systemworkbench/plugins/fr.ac6.mcu.externaltools.arm-none.win32_1.7.0.201602121829/tools/compiler/bin/../lib/gcc/arm-none-eabi/5.2.1/../../../../arm-none-eabi/lib/armv7e-m/fpu\libc_nano.a(lib_a-nano-svfprintf.o)
                              c:/ac6/systemworkbench/plugins/fr.ac6.mcu.externaltools.arm-none.win32_1.7.0.201602121829/tools/compiler/bin/../lib/gcc/arm-none-eabi/5.2.1/../../../../arm-none-eabi/lib/armv7e-m/fpu\libc_nano.a(lib_a-sprintf.o) (_svfprintf_r)
c:/ac6/systemworkbench/plugins/fr.ac6.mcu.externaltools.arm-none.win32_1.7.0.201602121829/tools/compiler/bin/../lib/gcc/arm-none-eabi/5.2.1/../../../../arm-none-eabi/lib/armv7e-m/fpu\libc_nano.a(lib_a-nano-vfprintf_i.o)
                              c:/ac6/systemworkbench/plugins/fr.ac6.mcu.externaltools.arm-none.win32_1.7.0.201602121829/tools/compiler/bin/../lib/gcc/arm-none-eabi/5.2.1/../../../../arm-none-eabi/lib/armv7e-m/fpu\libc_nano.a(lib_a-nano-svfprintf.o) (_printf_i)
c:/ac6/systemworkbench/plugins/fr.ac6.mcu.externaltools.arm-none.win32_1.7.0.201602121829/tools/compiler/bin/../lib/gcc/arm-none-eabi/5.2.1/../../../../arm-none-eabi/lib/armv7e-m/fpu\libc_nano.a(lib_a-memchr.o)
                              c:/ac6/systemworkbench/plugins/fr.ac6.mcu.externaltools.arm-none.win32_1.7.0.201602121829/tools/compiler/bin/../lib/gcc/arm-none-eabi/5.2.1/../../../../arm-none-eabi/lib/armv7e-m/fpu\libc_nano.a(lib_a-nano-svfprintf.o) (memchr)
c:/ac6/systemworkbench/plugins/fr.ac6.mcu.externaltools.arm-none.win32_1.7.0.201602121829/tools/compiler/bin/../lib/gcc/arm-none-eabi/5.2.1/../../../../arm-none-eabi/lib/armv7e-m/fpu\libc_nano.a(lib_a-memcpy-stub.o)
                              c:/ac6/systemworkbench/plugins/fr.ac6.mcu.externaltools.arm-none.win32_1.7.0.201602121829/tools/compiler/bin/../lib/gcc/arm-none-eabi/5.2.1/../../../../arm-none-eabi/lib/armv7e-m/fpu\libc_nano.a(lib_a-nano-svfprintf.o) (memcpy)
[...]
Memory Configuration

Name             Origin             Length             Attributes
RAM              0x20000000         0x00020000         xrw
CCMRAM           0x10000000         0x00010000         rw
FLASH            0x08000000         0x00100000         xr
*default*        0x00000000         0xffffffff

Linker script and memory map

LOAD c:/ac6/systemworkbench/plugins/fr.ac6.mcu.externaltools.arm-none.win32_1.7.0.201602121829/tools/compiler/bin/../lib/gcc/arm-none-eabi/5.2.1/armv7e-m/fpu/crti.o
LOAD c:/ac6/systemworkbench/plugins/fr.ac6.mcu.externaltools.arm-none.win32_1.7.0.201602121829/tools/compiler/bin/../lib/gcc/arm-none-eabi/5.2.1/armv7e-m/fpu/crtbegin.o
LOAD c:/ac6/systemworkbench/plugins/fr.ac6.mcu.externaltools.arm-none.win32_1.7.0.201602121829/tools/compiler/bin/../lib/gcc/arm-none-eabi/5.2.1/../../../../arm-none-eabi/lib/armv7e-m/fpu/crt0.o
LOAD c:/ac6/systemworkbench/plugins/fr.ac6.mcu.externaltools.arm-none.win32_1.7.0.201602121829/tools/compiler/bin/../lib/gcc/arm-none-eabi/5.2.1/../../../../arm-none-eabi/lib/armv7e-m/fpu\libm.a
LOAD Drivers/CMSIS/Device/ST/STM32F4xx/Source/Templates/gcc/startup_stm32f407xx.o
LOAD Drivers/CMSIS/Device/ST/STM32F4xx/Source/Templates/system_stm32f4xx.o
LOAD Drivers/STM32F4xx_HAL_Driver/Src/stm32f4xx_hal.o
LOAD Drivers/STM32F4xx_HAL_Driver/Src/stm32f4xx_hal_cortex.o
LOAD Drivers/STM32F4xx_HAL_Driver/Src/stm32f4xx_hal_dma.o
LOAD Drivers/STM32F4xx_HAL_Driver/Src/stm32f4xx_hal_dma_ex.o
LOAD Drivers/STM32F4xx_HAL_Driver/Src/stm32f4xx_hal_flash.o
LOAD Drivers/STM32F4xx_HAL_Driver/Src/stm32f4xx_hal_flash_ex.o
LOAD Drivers/STM32F4xx_HAL_Driver/Src/stm32f4xx_hal_flash_ramfunc.o
LOAD Drivers/STM32F4xx_HAL_Driver/Src/stm32f4xx_hal_gpio.o
LOAD Drivers/STM32F4xx_HAL_Driver/Src/stm32f4xx_hal_i2s.o
LOAD Drivers/STM32F4xx_HAL_Driver/Src/stm32f4xx_hal_i2s_ex.o
LOAD Drivers/STM32F4xx_HAL_Driver/Src/stm32f4xx_hal_pwr.o
LOAD Drivers/STM32F4xx_HAL_Driver/Src/stm32f4xx_hal_pwr_ex.o
LOAD Drivers/STM32F4xx_HAL_Driver/Src/stm32f4xx_hal_rcc.o
LOAD Drivers/STM32F4xx_HAL_Driver/Src/stm32f4xx_hal_rcc_ex.o
LOAD Drivers/STM32F4xx_HAL_Driver/Src/stm32f4xx_hal_tim.o
LOAD Drivers/STM32F4xx_HAL_Driver/Src/stm32f4xx_hal_tim_ex.o
LOAD Drivers/STM32F4xx_HAL_Driver/Src/stm32f4xx_hal_uart.o
LOAD Src/main.o
LOAD Src/stm32f4xx_hal_msp.o
LOAD Src/stm32f4xx_it.o
START GROUP
LOAD c:/ac6/systemworkbench/plugins/fr.ac6.mcu.externaltools.arm-none.win32_1.7.0.201602121829/tools/compiler/bin/../lib/gcc/arm-none-eabi/5.2.1/armv7e-m/fpu\libgcc.a
LOAD c:/ac6/systemworkbench/plugins/fr.ac6.mcu.externaltools.arm-none.win32_1.7.0.201602121829/tools/compiler/bin/../lib/gcc/arm-none-eabi/5.2.1/../../../../arm-none-eabi/lib/armv7e-m/fpu\libc_nano.a
END GROUP
START GROUP
LOAD c:/ac6/systemworkbench/plugins/fr.ac6.mcu.externaltools.arm-none.win32_1.7.0.201602121829/tools/compiler/bin/../lib/gcc/arm-none-eabi/5.2.1/armv7e-m/fpu\libgcc.a
LOAD c:/ac6/systemworkbench/plugins/fr.ac6.mcu.externaltools.arm-none.win32_1.7.0.201602121829/tools/compiler/bin/../lib/gcc/arm-none-eabi/5.2.1/../../../../arm-none-eabi/lib/armv7e-m/fpu\libc_nano.a
LOAD c:/ac6/systemworkbench/plugins/fr.ac6.mcu.externaltools.arm-none.win32_1.7.0.201602121829/tools/compiler/bin/../lib/gcc/arm-none-eabi/5.2.1/../../../../arm-none-eabi/lib/armv7e-m/fpu\libnosys.a
END GROUP
START GROUP
LOAD c:/ac6/systemworkbench/plugins/fr.ac6.mcu.externaltools.arm-none.win32_1.7.0.201602121829/tools/compiler/bin/../lib/gcc/arm-none-eabi/5.2.1/armv7e-m/fpu\libgcc.a
LOAD c:/ac6/systemworkbench/plugins/fr.ac6.mcu.externaltools.arm-none.win32_1.7.0.201602121829/tools/compiler/bin/../lib/gcc/arm-none-eabi/5.2.1/../../../../arm-none-eabi/lib/armv7e-m/fpu\libc_nano.a
LOAD c:/ac6/systemworkbench/plugins/fr.ac6.mcu.externaltools.arm-none.win32_1.7.0.201602121829/tools/compiler/bin/../lib/gcc/arm-none-eabi/5.2.1/../../../../arm-none-eabi/lib/armv7e-m/fpu\libnosys.a
END GROUP
LOAD c:/ac6/systemworkbench/plugins/fr.ac6.mcu.externaltools.arm-none.win32_1.7.0.201602121829/tools/compiler/bin/../lib/gcc/arm-none-eabi/5.2.1/armv7e-m/fpu/crtend.o
LOAD c:/ac6/systemworkbench/plugins/fr.ac6.mcu.externaltools.arm-none.win32_1.7.0.201602121829/tools/compiler/bin/../lib/gcc/arm-none-eabi/5.2.1/armv7e-m/fpu/crtn.o
                0x20020000                _estack = 0x20020000
                0x00000200                _Min_Heap_Size = 0x200
                0x00000400                _Min_Stack_Size = 0x400

.isr_vector     0x08000000      0x188
                0x08000000                . = ALIGN (0x4)
 *(.isr_vector)
 .isr_vector    0x08000000      0x188 Drivers/CMSIS/Device/ST/STM32F4xx/Source/Templates/gcc/startup_stm32f407xx.o
                0x08000000                g_pfnVectors
                0x08000188                . = ALIGN (0x4)

.text           0x08000190     0x2788
                0x08000190                . = ALIGN (0x4)
 *(.text)
 .text          0x08000190       0xa4 c:/ac6/systemworkbench/plugins/fr.ac6.mcu.externaltools.arm-none.win32_1.7.0.201602121829/tools/compiler/bin/../lib/gcc/arm-none-eabi/5.2.1/armv7e-m/fpu/crtbegin.o
 .text          0x08000234      0x370 c:/ac6/systemworkbench/plugins/fr.ac6.mcu.externaltools.arm-none.win32_1.7.0.201602121829/tools/compiler/bin/../lib/gcc/arm-none-eabi/5.2.1/armv7e-m/fpu\libgcc.a(_arm_addsubdf3.o)
                0x08000234                __aeabi_drsub
                0x0800023c                __aeabi_dsub
                0x0800023c                __subdf3
                0x08000240                __aeabi_dadd
                0x08000240                __adddf3
                0x080004b8                __floatunsidf
                0x080004b8                __aeabi_ui2d
                0x080004d8                __floatsidf
                0x080004d8                __aeabi_i2d
                0x080004fc                __aeabi_f2d
                0x080004fc                __extendsfdf2
                0x08000538                __floatundidf
                0x08000538                __aeabi_ul2d
                0x08000548                __floatdidf
                0x08000548                __aeabi_l2d
 .text          0x080005a4      0x424 c:/ac6/systemworkbench/plugins/fr.ac6.mcu.externaltools.arm-none.win32_1.7.0.201602121829/tools/compiler/bin/../lib/gcc/arm-none-eabi/5.2.1/armv7e-m/fpu\libgcc.a(_arm_muldivdf3.o)
                0x080005a4                __aeabi_dmul
                0x080005a4                __muldf3
                0x080007f8                __divdf3
                0x080007f8                __aeabi_ddiv
 .text          0x080009c8       0xa0 c:/ac6/systemworkbench/plugins/fr.ac6.mcu.externaltools.arm-none.win32_1.7.0.201602121829/tools/compiler/bin/../lib/gcc/arm-none-eabi/5.2.1/armv7e-m/fpu\libgcc.a(_arm_truncdfsf2.o)
                0x080009c8                __truncdfsf2
                0x080009c8                __aeabi_d2f
 .text          0x08000a68       0x10 c:/ac6/systemworkbench/plugins/fr.ac6.mcu.externaltools.arm-none.win32_1.7.0.201602121829/tools/compiler/bin/../lib/gcc/arm-none-eabi/5.2.1/../../../../arm-none-eabi/lib/armv7e-m/fpu\libc_nano.a(lib_a-strlen.o)
                0x08000a68                strlen
 *fill*         0x08000a78        0x8 
 .text          0x08000a80       0xa0 c:/ac6/systemworkbench/plugins/fr.ac6.mcu.externaltools.arm-none.win32_1.7.0.201602121829/tools/compiler/bin/../lib/gcc/arm-none-eabi/5.2.1/../../../../arm-none-eabi/lib/armv7e-m/fpu\libc_nano.a(lib_a-memchr.o)
                0x08000a80                memchr
 *(.text*)
 .text.Reset_Handler
                0x08000b20       0x50 Drivers/CMSIS/Device/ST/STM32F4xx/Source/Templates/gcc/startup_stm32f407xx.o
                0x08000b20                Reset_Handler
 .text.Default_Handler
                0x08000b70        0x2 Drivers/CMSIS/Device/ST/STM32F4xx/Source/Templates/gcc/startup_stm32f407xx.o
                0x08000b70                RTC_Alarm_IRQHandler
                0x08000b70                HASH_RNG_IRQHandler
                0x08000b70                EXTI2_IRQHandler
                0x08000b70                TIM8_CC_IRQHandler
                0x08000b70                DebugMon_Handler
                0x08000b70                TIM1_CC_IRQHandler
                0x08000b70                DMA2_Stream5_IRQHandler
                0x08000b70                HardFault_Handler
                0x08000b70                DMA1_Stream5_IRQHandler
                0x08000b70                PVD_IRQHandler
                0x08000b70                SDIO_IRQHandler
                0x08000b70                TAMP_STAMP_IRQHandler
                0x08000b70                PendSV_Handler
                0x08000b70                NMI_Handler
                0x08000b70                CAN2_RX1_IRQHandler
                0x08000b70                EXTI3_IRQHandler
                0x08000b70                TIM8_TRG_COM_TIM14_IRQHandler
                0x08000b70                TIM1_UP_TIM10_IRQHandler
                0x08000b70                TIM8_UP_TIM13_IRQHandler
                0x08000b70                I2C3_ER_IRQHandler
                0x08000b70                EXTI0_IRQHandler
                0x08000b70                I2C2_EV_IRQHandler
                0x08000b70                DMA1_Stream2_IRQHandler
                0x08000b70                CAN1_RX0_IRQHandler
                0x08000b70                FPU_IRQHandler
                0x08000b70                OTG_HS_WKUP_IRQHandler
                0x08000b70                UsageFault_Handler
                0x08000b70                CAN2_SCE_IRQHandler
                0x08000b70                DMA2_Stream2_IRQHandler
                0x08000b70                SPI1_IRQHandler
                0x08000b70                TIM6_DAC_IRQHandler
                0x08000b70                TIM1_BRK_TIM9_IRQHandler
                0x08000b70                DCMI_IRQHandler
                0x08000b70                CAN2_RX0_IRQHandler
                0x08000b70                DMA2_Stream3_IRQHandler
                0x08000b70                USART6_IRQHandler
                0x08000b70                USART3_IRQHandler
                0x08000b70                CAN1_RX1_IRQHandler
                0x08000b70                UART5_IRQHandler
                0x08000b70                DMA2_Stream0_IRQHandler
                0x08000b70                TIM4_IRQHandler
                0x08000b70                I2C1_EV_IRQHandler
                0x08000b70                DMA1_Stream6_IRQHandler
                0x08000b70                DMA1_Stream1_IRQHandler
                0x08000b70                UART4_IRQHandler
                0x08000b70                TIM3_IRQHandler
                0x08000b70                RCC_IRQHandler
                0x08000b70                TIM8_BRK_TIM12_IRQHandler
                0x08000b70                Default_Handler
                0x08000b70                EXTI15_10_IRQHandler
                0x08000b70                ADC_IRQHandler
                0x08000b70                DMA1_Stream7_IRQHandler
                0x08000b70                TIM7_IRQHandler
                0x08000b70                CAN2_TX_IRQHandler
                0x08000b70                TIM5_IRQHandler
                0x08000b70                DMA2_Stream7_IRQHandler
                0x08000b70                I2C3_EV_IRQHandler
                0x08000b70                EXTI9_5_IRQHandler
                0x08000b70                RTC_WKUP_IRQHandler
                0x08000b70                ETH_WKUP_IRQHandler
                0x08000b70                SPI2_IRQHandler
                0x08000b70                OTG_HS_EP1_IN_IRQHandler
                0x08000b70                MemManage_Handler
                0x08000b70                DMA1_Stream0_IRQHandler
                0x08000b70                CAN1_TX_IRQHandler
                0x08000b70                SVC_Handler
                0x08000b70                EXTI4_IRQHandler
                0x08000b70                FSMC_IRQHandler
                0x08000b70                ETH_IRQHandler
                0x08000b70                OTG_HS_EP1_OUT_IRQHandler
                0x08000b70                WWDG_IRQHandler
                0x08000b70                TIM2_IRQHandler
                0x08000b70                OTG_FS_WKUP_IRQHandler
                0x08000b70                TIM1_TRG_COM_TIM11_IRQHandler
                0x08000b70                OTG_HS_IRQHandler
                0x08000b70                EXTI1_IRQHandler
                0x08000b70                USART2_IRQHandler
                0x08000b70                I2C2_ER_IRQHandler
                0x08000b70                DMA2_Stream1_IRQHandler
                0x08000b70                CAN1_SCE_IRQHandler
                0x08000b70                FLASH_IRQHandler
                0x08000b70                DMA2_Stream4_IRQHandler
                0x08000b70                BusFault_Handler
                0x08000b70                USART1_IRQHandler
                0x08000b70                OTG_FS_IRQHandler
                0x08000b70                SPI3_IRQHandler
                0x08000b70                DMA1_Stream4_IRQHandler
                0x08000b70                I2C1_ER_IRQHandler
                0x08000b70                DMA2_Stream6_IRQHandler
                0x08000b70                DMA1_Stream3_IRQHandler
 *fill*         0x08000b72        0x2 
 .text.SystemInit
                0x08000b74       0x4c Drivers/CMSIS/Device/ST/STM32F4xx/Source/Templates/system_stm32f4xx.o
                0x08000b74                SystemInit
 .text.HAL_InitTick
                0x08000bc0       0x28 Drivers/STM32F4xx_HAL_Driver/Src/stm32f4xx_hal.o
                0x08000bc0                HAL_InitTick
 .text.HAL_Init
                0x08000be8       0x34 Drivers/STM32F4xx_HAL_Driver/Src/stm32f4xx_hal.o
                0x08000be8                HAL_Init
 .text.HAL_IncTick
                0x08000c1c       0x10 Drivers/STM32F4xx_HAL_Driver/Src/stm32f4xx_hal.o
                0x08000c1c                HAL_IncTick
 .text.HAL_GetTick
                0x08000c2c        0xc Drivers/STM32F4xx_HAL_Driver/Src/stm32f4xx_hal.o
                0x08000c2c                HAL_GetTick
 .text.HAL_NVIC_SetPriorityGrouping
                0x08000c38       0x24 Drivers/STM32F4xx_HAL_Driver/Src/stm32f4xx_hal_cortex.o
                0x08000c38                HAL_NVIC_SetPriorityGrouping
 .text.HAL_NVIC_SetPriority
                0x08000c5c       0x68 Drivers/STM32F4xx_HAL_Driver/Src/stm32f4xx_hal_cortex.o
                0x08000c5c                HAL_NVIC_SetPriority
 .text.HAL_SYSTICK_Config
                0x08000cc4       0x2c Drivers/STM32F4xx_HAL_Driver/Src/stm32f4xx_hal_cortex.o
                0x08000cc4                HAL_SYSTICK_Config
 .text.HAL_SYSTICK_CLKSourceConfig
                0x08000cf0       0x18 Drivers/STM32F4xx_HAL_Driver/Src/stm32f4xx_hal_cortex.o
                0x08000cf0                HAL_SYSTICK_CLKSourceConfig
 .text.HAL_SYSTICK_Callback
                0x08000d08        0x2 Drivers/STM32F4xx_HAL_Driver/Src/stm32f4xx_hal_cortex.o
                0x08000d08                HAL_SYSTICK_Callback
 .text.HAL_SYSTICK_IRQHandler
                0x08000d0a        0x8 Drivers/STM32F4xx_HAL_Driver/Src/stm32f4xx_hal_cortex.o
                0x08000d0a                HAL_SYSTICK_IRQHandler
 *fill*         0x08000d12        0x2 
 .text.HAL_GPIO_Init
                0x08000d14      0x1c0 Drivers/STM32F4xx_HAL_Driver/Src/stm32f4xx_hal_gpio.o
                0x08000d14                HAL_GPIO_Init
 .text.HAL_GPIO_WritePin
                0x08000ed4        0x8 Drivers/STM32F4xx_HAL_Driver/Src/stm32f4xx_hal_gpio.o
                0x08000ed4                HAL_GPIO_WritePin
 .text.I2S_WaitFlagStateUntilTimeout
                0x08000edc       0x68 Drivers/STM32F4xx_HAL_Driver/Src/stm32f4xx_hal_i2s.o
                0x08000edc                I2S_WaitFlagStateUntilTimeout
 .text.HAL_I2S_Receive
                0x08000f44       0xae Drivers/STM32F4xx_HAL_Driver/Src/stm32f4xx_hal_i2s.o
                0x08000f44                HAL_I2S_Receive
 *fill*         0x08000ff2        0x2 
 .text.I2S_GetInputClock
                0x08000ff4       0x4c Drivers/STM32F4xx_HAL_Driver/Src/stm32f4xx_hal_i2s_ex.o
                0x08000ff4                I2S_GetInputClock
 .text.HAL_I2S_Init
                0x08001040      0x128 Drivers/STM32F4xx_HAL_Driver/Src/stm32f4xx_hal_i2s_ex.o
                0x08001040                HAL_I2S_Init
 .text.HAL_RCC_OscConfig
                0x08001168      0x2d0 Drivers/STM32F4xx_HAL_Driver/Src/stm32f4xx_hal_rcc.o
                0x08001168                HAL_RCC_OscConfig
 .text.HAL_RCC_GetSysClockFreq
                0x08001438       0x7c Drivers/STM32F4xx_HAL_Driver/Src/stm32f4xx_hal_rcc.o
                0x08001438                HAL_RCC_GetSysClockFreq
 .text.HAL_RCC_ClockConfig
                0x080014b4      0x168 Drivers/STM32F4xx_HAL_Driver/Src/stm32f4xx_hal_rcc.o
                0x080014b4                HAL_RCC_ClockConfig
 .text.HAL_RCC_GetHCLKFreq
                0x0800161c        0xc Drivers/STM32F4xx_HAL_Driver/Src/stm32f4xx_hal_rcc.o
                0x0800161c                HAL_RCC_GetHCLKFreq
 .text.HAL_RCC_GetPCLK1Freq
                0x08001628       0x30 Drivers/STM32F4xx_HAL_Driver/Src/stm32f4xx_hal_rcc.o
                0x08001628                HAL_RCC_GetPCLK1Freq
 .text.HAL_RCC_GetPCLK2Freq
                0x08001658       0x30 Drivers/STM32F4xx_HAL_Driver/Src/stm32f4xx_hal_rcc.o
                0x08001658                HAL_RCC_GetPCLK2Freq
 .text.HAL_RCCEx_PeriphCLKConfig
                0x08001688      0x14c Drivers/STM32F4xx_HAL_Driver/Src/stm32f4xx_hal_rcc_ex.o
                0x08001688                HAL_RCCEx_PeriphCLKConfig
 .text.UART_SetConfig
                0x080017d4      0x23c Drivers/STM32F4xx_HAL_Driver/Src/stm32f4xx_hal_uart.o
 .text.UART_WaitOnFlagUntilTimeout.constprop.3
                0x08001a10       0x50 Drivers/STM32F4xx_HAL_Driver/Src/stm32f4xx_hal_uart.o
 .text.HAL_UART_Init
                0x08001a60       0x5c Drivers/STM32F4xx_HAL_Driver/Src/stm32f4xx_hal_uart.o
                0x08001a60                HAL_UART_Init
 .text.HAL_UART_Transmit
                0x08001abc       0xbc Drivers/STM32F4xx_HAL_Driver/Src/stm32f4xx_hal_uart.o
                0x08001abc                HAL_UART_Transmit
 .text.SystemClock_Config
                0x08001b78       0xc0 Src/main.o
                0x08001b78                SystemClock_Config
 .text.startup.main
                0x08001c38      0x320 Src/main.o
                0x08001c38                main
 .text.HAL_MspInit
                0x08001f58       0x60 Src/stm32f4xx_hal_msp.o
                0x08001f58                HAL_MspInit
 .text.HAL_I2S_MspInit
                0x08001fb8       0x64 Src/stm32f4xx_hal_msp.o
                0x08001fb8                HAL_I2S_MspInit
 .text.HAL_UART_MspInit
                0x0800201c       0x50 Src/stm32f4xx_hal_msp.o
                0x0800201c                HAL_UART_MspInit
 .text.SysTick_Handler
                0x0800206c        0xe Src/stm32f4xx_it.o
                0x0800206c                SysTick_Handler
 *fill*         0x0800207a        0x2 
 .text.__libc_init_array
                0x0800207c       0x4c c:/ac6/systemworkbench/plugins/fr.ac6.mcu.externaltools.arm-none.win32_1.7.0.201602121829/tools/compiler/bin/../lib/gcc/arm-none-eabi/5.2.1/../../../../arm-none-eabi/lib/armv7e-m/fpu\libc_nano.a(lib_a-init.o)
                0x0800207c                __libc_init_array
 .text.sprintf  0x080020c8       0x48 c:/ac6/systemworkbench/plugins/fr.ac6.mcu.externaltools.arm-none.win32_1.7.0.201602121829/tools/compiler/bin/../lib/gcc/arm-none-eabi/5.2.1/../../../../arm-none-eabi/lib/armv7e-m/fpu\libc_nano.a(lib_a-sprintf.o)
                0x080020c8                siprintf
                0x080020c8                sprintf
 .text.__ssputs_r
                0x08002110       0xb2 c:/ac6/systemworkbench/plugins/fr.ac6.mcu.externaltools.arm-none.win32_1.7.0.201602121829/tools/compiler/bin/../lib/gcc/arm-none-eabi/5.2.1/../../../../arm-none-eabi/lib/armv7e-m/fpu\libc_nano.a(lib_a-nano-svfprintf.o)
                0x08002110                __ssputs_r
 *fill*         0x080021c2        0x2 
 .text._svfprintf_r
                0x080021c4      0x1e8 c:/ac6/systemworkbench/plugins/fr.ac6.mcu.externaltools.arm-none.win32_1.7.0.201602121829/tools/compiler/bin/../lib/gcc/arm-none-eabi/5.2.1/../../../../arm-none-eabi/lib/armv7e-m/fpu\libc_nano.a(lib_a-nano-svfprintf.o)
                0x080021c4                _svfiprintf_r
                0x080021c4                _svfprintf_r
 .text._printf_common
                0x080023ac       0xec c:/ac6/systemworkbench/plugins/fr.ac6.mcu.externaltools.arm-none.win32_1.7.0.201602121829/tools/compiler/bin/../lib/gcc/arm-none-eabi/5.2.1/../../../../arm-none-eabi/lib/armv7e-m/fpu\libc_nano.a(lib_a-nano-vfprintf_i.o)
                0x080023ac                _printf_common
 .text._printf_i
                0x08002498      0x24c c:/ac6/systemworkbench/plugins/fr.ac6.mcu.externaltools.arm-none.win32_1.7.0.201602121829/tools/compiler/bin/../lib/gcc/arm-none-eabi/5.2.1/../../../../arm-none-eabi/lib/armv7e-m/fpu\libc_nano.a(lib_a-nano-vfprintf_i.o)
                0x08002498                _printf_i
 .text.memcpy   0x080026e4       0x16 c:/ac6/systemworkbench/plugins/fr.ac6.mcu.externaltools.arm-none.win32_1.7.0.201602121829/tools/compiler/bin/../lib/gcc/arm-none-eabi/5.2.1/../../../../arm-none-eabi/lib/armv7e-m/fpu\libc_nano.a(lib_a-memcpy-stub.o)
                0x080026e4                memcpy
 .text.memmove  0x080026fa       0x36 c:/ac6/systemworkbench/plugins/fr.ac6.mcu.externaltools.arm-none.win32_1.7.0.201602121829/tools/compiler/bin/../lib/gcc/arm-none-eabi/5.2.1/../../../../arm-none-eabi/lib/armv7e-m/fpu\libc_nano.a(lib_a-memmove.o)
                0x080026fa                memmove
 .text._free_r  0x08002730       0x8c c:/ac6/systemworkbench/plugins/fr.ac6.mcu.externaltools.arm-none.win32_1.7.0.201602121829/tools/compiler/bin/../lib/gcc/arm-none-eabi/5.2.1/../../../../arm-none-eabi/lib/armv7e-m/fpu\libc_nano.a(lib_a-nano-freer.o)
                0x08002730                _free_r
 .text._malloc_r
                0x080027bc       0xa8 c:/ac6/systemworkbench/plugins/fr.ac6.mcu.externaltools.arm-none.win32_1.7.0.201602121829/tools/compiler/bin/../lib/gcc/arm-none-eabi/5.2.1/../../../../arm-none-eabi/lib/armv7e-m/fpu\libc_nano.a(lib_a-nano-mallocr.o)
                0x080027bc                _malloc_r
 .text._realloc_r
                0x08002864       0x4c c:/ac6/systemworkbench/plugins/fr.ac6.mcu.externaltools.arm-none.win32_1.7.0.201602121829/tools/compiler/bin/../lib/gcc/arm-none-eabi/5.2.1/../../../../arm-none-eabi/lib/armv7e-m/fpu\libc_nano.a(lib_a-nano-reallocr.o)
                0x08002864                _realloc_r
 .text._sbrk_r  0x080028b0       0x20 c:/ac6/systemworkbench/plugins/fr.ac6.mcu.externaltools.arm-none.win32_1.7.0.201602121829/tools/compiler/bin/../lib/gcc/arm-none-eabi/5.2.1/../../../../arm-none-eabi/lib/armv7e-m/fpu\libc_nano.a(lib_a-sbrkr.o)
                0x080028b0                _sbrk_r
 .text._malloc_usable_size_r
                0x080028d0       0x14 c:/ac6/systemworkbench/plugins/fr.ac6.mcu.externaltools.arm-none.win32_1.7.0.201602121829/tools/compiler/bin/../lib/gcc/arm-none-eabi/5.2.1/../../../../arm-none-eabi/lib/armv7e-m/fpu\libc_nano.a(lib_a-nano-msizer.o)
                0x080028d0                _malloc_usable_size_r
 .text._sbrk    0x080028e4       0x1c c:/ac6/systemworkbench/plugins/fr.ac6.mcu.externaltools.arm-none.win32_1.7.0.201602121829/tools/compiler/bin/../lib/gcc/arm-none-eabi/5.2.1/../../../../arm-none-eabi/lib/armv7e-m/fpu\libnosys.a(sbrk.o)
                0x080028e4                _sbrk
 *(.glue_7)
 .glue_7        0x08002900        0x0 linker stubs
 *(.glue_7t)
 .glue_7t       0x08002900        0x0 linker stubs
 *(.eh_frame)
 .eh_frame      0x08002900        0x0 c:/ac6/systemworkbench/plugins/fr.ac6.mcu.externaltools.arm-none.win32_1.7.0.201602121829/tools/compiler/bin/../lib/gcc/arm-none-eabi/5.2.1/armv7e-m/fpu/crtbegin.o
 *(.init)
 .init          0x08002900        0x4 c:/ac6/systemworkbench/plugins/fr.ac6.mcu.externaltools.arm-none.win32_1.7.0.201602121829/tools/compiler/bin/../lib/gcc/arm-none-eabi/5.2.1/armv7e-m/fpu/crti.o
                0x08002900                _init
 .init          0x08002904        0x8 c:/ac6/systemworkbench/plugins/fr.ac6.mcu.externaltools.arm-none.win32_1.7.0.201602121829/tools/compiler/bin/../lib/gcc/arm-none-eabi/5.2.1/armv7e-m/fpu/crtn.o
 *(.fini)
 .fini          0x0800290c        0x4 c:/ac6/systemworkbench/plugins/fr.ac6.mcu.externaltools.arm-none.win32_1.7.0.201602121829/tools/compiler/bin/../lib/gcc/arm-none-eabi/5.2.1/armv7e-m/fpu/crti.o
                0x0800290c                _fini
 .fini          0x08002910        0x8 c:/ac6/systemworkbench/plugins/fr.ac6.mcu.externaltools.arm-none.win32_1.7.0.201602121829/tools/compiler/bin/../lib/gcc/arm-none-eabi/5.2.1/armv7e-m/fpu/crtn.o
                0x08002918                . = ALIGN (0x4)
                0x08002918                _etext = .

.vfp11_veneer   0x08002918        0x0
 .vfp11_veneer  0x08002918        0x0 linker stubs

.v4_bx          0x08002918        0x0
 .v4_bx         0x08002918        0x0 linker stubs

.iplt           0x08002918        0x0
 .iplt          0x08002918        0x0 c:/ac6/systemworkbench/plugins/fr.ac6.mcu.externaltools.arm-none.win32_1.7.0.201602121829/tools/compiler/bin/../lib/gcc/arm-none-eabi/5.2.1/armv7e-m/fpu/crtbegin.o

.rodata         0x08002918       0x50
                0x08002918                . = ALIGN (0x4)
 *(.rodata)
 .rodata        0x08002918       0x10 Drivers/STM32F4xx_HAL_Driver/Src/stm32f4xx_hal_rcc.o
                0x08002918                APBAHBPrescTable
 *(.rodata*)
 .rodata.str1.1
                0x08002928        0x9 Src/main.o
 .rodata.str1.1
                0x08002931        0x2 c:/ac6/systemworkbench/plugins/fr.ac6.mcu.externaltools.arm-none.win32_1.7.0.201602121829/tools/compiler/bin/../lib/gcc/arm-none-eabi/5.2.1/../../../../arm-none-eabi/lib/armv7e-m/fpu\libc_nano.a(lib_a-impure.o)
 .rodata.str1.1
                0x08002933       0x11 c:/ac6/systemworkbench/plugins/fr.ac6.mcu.externaltools.arm-none.win32_1.7.0.201602121829/tools/compiler/bin/../lib/gcc/arm-none-eabi/5.2.1/../../../../arm-none-eabi/lib/armv7e-m/fpu\libc_nano.a(lib_a-nano-svfprintf.o)
 .rodata.str1.1
                0x08002944       0x22 c:/ac6/systemworkbench/plugins/fr.ac6.mcu.externaltools.arm-none.win32_1.7.0.201602121829/tools/compiler/bin/../lib/gcc/arm-none-eabi/5.2.1/../../../../arm-none-eabi/lib/armv7e-m/fpu\libc_nano.a(lib_a-nano-vfprintf_i.o)
                0x08002968                . = ALIGN (0x4)
 *fill*         0x08002966        0x2 

.rel.dyn        0x08002968        0x0
 .rel.iplt      0x08002968        0x0 c:/ac6/systemworkbench/plugins/fr.ac6.mcu.externaltools.arm-none.win32_1.7.0.201602121829/tools/compiler/bin/../lib/gcc/arm-none-eabi/5.2.1/armv7e-m/fpu/crtbegin.o

.ARM.extab
 *(.ARM.extab* .gnu.linkonce.armextab.*)

.ARM            0x08002968        0x0
                0x08002968                __exidx_start = .
 *(.ARM.exidx*)
                0x08002968                __exidx_end = .

.preinit_array  0x08002968        0x0
                0x08002968                PROVIDE (__preinit_array_start, .)
 *(.preinit_array*)
                0x08002968                PROVIDE (__preinit_array_end, .)

.init_array     0x08002968        0x4
                0x08002968                PROVIDE (__init_array_start, .)
 *(SORT(.init_array.*))
 *(.init_array*)
 .init_array    0x08002968        0x4 c:/ac6/systemworkbench/plugins/fr.ac6.mcu.externaltools.arm-none.win32_1.7.0.201602121829/tools/compiler/bin/../lib/gcc/arm-none-eabi/5.2.1/armv7e-m/fpu/crtbegin.o
                0x0800296c                PROVIDE (__init_array_end, .)

.fini_array     0x0800296c        0x4
                [!provide]                PROVIDE (__fini_array_start, .)
 *(SORT(.fini_array.*))
 *(.fini_array*)
 .fini_array    0x0800296c        0x4 c:/ac6/systemworkbench/plugins/fr.ac6.mcu.externaltools.arm-none.win32_1.7.0.201602121829/tools/compiler/bin/../lib/gcc/arm-none-eabi/5.2.1/armv7e-m/fpu/crtbegin.o
                [!provide]                PROVIDE (__fini_array_end, .)
                0x08002970                _sidata = LOADADDR (.data)

.data           0x20000000       0x68 load address 0x08002970
                0x20000000                . = ALIGN (0x4)
                0x20000000                _sdata = .
 *(.data)
 .data          0x20000000        0x4 Drivers/CMSIS/Device/ST/STM32F4xx/Source/Templates/system_stm32f4xx.o
                0x20000000                SystemCoreClock
 *(.data*)
 .data.impure_data
                0x20000004       0x60 c:/ac6/systemworkbench/plugins/fr.ac6.mcu.externaltools.arm-none.win32_1.7.0.201602121829/tools/compiler/bin/../lib/gcc/arm-none-eabi/5.2.1/../../../../arm-none-eabi/lib/armv7e-m/fpu\libc_nano.a(lib_a-impure.o)
 .data._impure_ptr
                0x20000064        0x4 c:/ac6/systemworkbench/plugins/fr.ac6.mcu.externaltools.arm-none.win32_1.7.0.201602121829/tools/compiler/bin/../lib/gcc/arm-none-eabi/5.2.1/../../../../arm-none-eabi/lib/armv7e-m/fpu\libc_nano.a(lib_a-impure.o)
                0x20000064                _impure_ptr
                0x20000068                . = ALIGN (0x4)
                0x20000068                _edata = .
                0x080029d8                _siccmram = LOADADDR (.ccmram)

.jcr            0x20000068        0x0 load address 0x080029d8
 .jcr           0x20000068        0x0 c:/ac6/systemworkbench/plugins/fr.ac6.mcu.externaltools.arm-none.win32_1.7.0.201602121829/tools/compiler/bin/../lib/gcc/arm-none-eabi/5.2.1/armv7e-m/fpu/crtbegin.o

.tm_clone_table
                0x20000068        0x0 load address 0x080029d8
 .tm_clone_table
                0x20000068        0x0 c:/ac6/systemworkbench/plugins/fr.ac6.mcu.externaltools.arm-none.win32_1.7.0.201602121829/tools/compiler/bin/../lib/gcc/arm-none-eabi/5.2.1/armv7e-m/fpu/crtbegin.o
 .tm_clone_table
                0x20000068        0x0 c:/ac6/systemworkbench/plugins/fr.ac6.mcu.externaltools.arm-none.win32_1.7.0.201602121829/tools/compiler/bin/../lib/gcc/arm-none-eabi/5.2.1/armv7e-m/fpu/crtend.o

.igot.plt       0x20000068        0x0 load address 0x080029d8
 .igot.plt      0x20000068        0x0 c:/ac6/systemworkbench/plugins/fr.ac6.mcu.externaltools.arm-none.win32_1.7.0.201602121829/tools/compiler/bin/../lib/gcc/arm-none-eabi/5.2.1/armv7e-m/fpu/crtbegin.o

.ccmram         0x10000000        0x0 load address 0x080029d8
                0x10000000                . = ALIGN (0x4)
                0x10000000                _sccmram = .
 *(.ccmram)
 *(.ccmram*)
                0x10000000                . = ALIGN (0x4)
                0x10000000                _eccmram = .
                0x10000000                . = ALIGN (0x4)

.bss            0x20000068       0xb4
                0x20000068                _sbss = .
                0x20000068                __bss_start__ = _sbss
 *(.bss)
 .bss           0x20000068       0x1c c:/ac6/systemworkbench/plugins/fr.ac6.mcu.externaltools.arm-none.win32_1.7.0.201602121829/tools/compiler/bin/../lib/gcc/arm-none-eabi/5.2.1/armv7e-m/fpu/crtbegin.o
 *(.bss*)
 .bss.__malloc_sbrk_start
                0x20000084        0x4 c:/ac6/systemworkbench/plugins/fr.ac6.mcu.externaltools.arm-none.win32_1.7.0.201602121829/tools/compiler/bin/../lib/gcc/arm-none-eabi/5.2.1/../../../../arm-none-eabi/lib/armv7e-m/fpu\libc_nano.a(lib_a-nano-mallocr.o)
                0x20000084                __malloc_sbrk_start
 .bss.__malloc_free_list
                0x20000088        0x4 c:/ac6/systemworkbench/plugins/fr.ac6.mcu.externaltools.arm-none.win32_1.7.0.201602121829/tools/compiler/bin/../lib/gcc/arm-none-eabi/5.2.1/../../../../arm-none-eabi/lib/armv7e-m/fpu\libc_nano.a(lib_a-nano-mallocr.o)
                0x20000088                __malloc_free_list
 .bss.heap_end.4169
                0x2000008c        0x4 c:/ac6/systemworkbench/plugins/fr.ac6.mcu.externaltools.arm-none.win32_1.7.0.201602121829/tools/compiler/bin/../lib/gcc/arm-none-eabi/5.2.1/../../../../arm-none-eabi/lib/armv7e-m/fpu\libnosys.a(sbrk.o)
 *(COMMON)
 COMMON         0x20000090        0x4 Drivers/STM32F4xx_HAL_Driver/Src/stm32f4xx_hal.o
                0x20000090                uwTick
 COMMON         0x20000094       0x84 Src/main.o
                0x20000094                huart2
                0x200000d4                hi2s2
 COMMON         0x20000118        0x4 c:/ac6/systemworkbench/plugins/fr.ac6.mcu.externaltools.arm-none.win32_1.7.0.201602121829/tools/compiler/bin/../lib/gcc/arm-none-eabi/5.2.1/../../../../arm-none-eabi/lib/armv7e-m/fpu\libc_nano.a(lib_a-reent.o)
                0x20000118                errno
                0x2000011c                . = ALIGN (0x4)
                0x2000011c                _ebss = .
                0x2000011c                __bss_end__ = _ebss

._user_heap_stack
                0x2000011c      0x604
                0x20000120                . = ALIGN (0x8)
 *fill*         0x2000011c        0x4 
                0x20000120                PROVIDE (end, .)
                [!provide]                PROVIDE (_end, .)
                0x20000320                . = (. + _Min_Heap_Size)
 *fill*         0x20000120      0x200 
                0x20000720                . = (. + _Min_Stack_Size)
 *fill*         0x20000320      0x400 
                0x20000720                . = ALIGN (0x8)

/DISCARD/
 libc.a(*)
 libm.a(*)
 libgcc.a(*)

.ARM.attributes
                0x00000000       0x30
 *(.ARM.attributes)
 .ARM.attributes
                0x00000000       0x22 c:/ac6/systemworkbench/plugins/fr.ac6.mcu.externaltools.arm-none.win32_1.7.0.201602121829/tools/compiler/bin/../lib/gcc/arm-none-eabi/5.2.1/armv7e-m/fpu/crti.o
 .ARM.attributes
                0x00000022       0x34 c:/ac6/systemworkbench/plugins/fr.ac6.mcu.externaltools.arm-none.win32_1.7.0.201602121829/tools/compiler/bin/../lib/gcc/arm-none-eabi/5.2.1/armv7e-m/fpu/crtbegin.o
 .ARM.attributes
                0x00000056       0x21 Drivers/CMSIS/Device/ST/STM32F4xx/Source/Templates/gcc/startup_stm32f407xx.o
 .ARM.attributes
                0x00000077       0x39 Drivers/CMSIS/Device/ST/STM32F4xx/Source/Templates/system_stm32f4xx.o
 .ARM.attributes
                0x000000b0       0x39 Drivers/STM32F4xx_HAL_Driver/Src/stm32f4xx_hal.o
 .ARM.attributes
                0x000000e9       0x39 Drivers/STM32F4xx_HAL_Driver/Src/stm32f4xx_hal_cortex.o
 .ARM.attributes
                0x00000122       0x39 Drivers/STM32F4xx_HAL_Driver/Src/stm32f4xx_hal_gpio.o
 .ARM.attributes
                0x0000015b       0x39 Drivers/STM32F4xx_HAL_Driver/Src/stm32f4xx_hal_i2s.o
 .ARM.attributes
                0x00000194       0x39 Drivers/STM32F4xx_HAL_Driver/Src/stm32f4xx_hal_i2s_ex.o
 .ARM.attributes
                0x000001cd       0x39 Drivers/STM32F4xx_HAL_Driver/Src/stm32f4xx_hal_rcc.o
 .ARM.attributes
                0x00000206       0x39 Drivers/STM32F4xx_HAL_Driver/Src/stm32f4xx_hal_rcc_ex.o
 .ARM.attributes
                0x0000023f       0x39 Drivers/STM32F4xx_HAL_Driver/Src/stm32f4xx_hal_uart.o
 .ARM.attributes
                0x00000278       0x39 Src/main.o
 .ARM.attributes
                0x000002b1       0x39 Src/stm32f4xx_hal_msp.o
 .ARM.attributes
                0x000002ea       0x39 Src/stm32f4xx_it.o
 .ARM.attributes
                0x00000323       0x22 c:/ac6/systemworkbench/plugins/fr.ac6.mcu.externaltools.arm-none.win32_1.7.0.201602121829/tools/compiler/bin/../lib/gcc/arm-none-eabi/5.2.1/armv7e-m/fpu\libgcc.a(_arm_addsubdf3.o)
 .ARM.attributes
                0x00000345       0x22 c:/ac6/systemworkbench/plugins/fr.ac6.mcu.externaltools.arm-none.win32_1.7.0.201602121829/tools/compiler/bin/../lib/gcc/arm-none-eabi/5.2.1/armv7e-m/fpu\libgcc.a(_arm_muldivdf3.o)
 .ARM.attributes
                0x00000367       0x22 c:/ac6/systemworkbench/plugins/fr.ac6.mcu.externaltools.arm-none.win32_1.7.0.201602121829/tools/compiler/bin/../lib/gcc/arm-none-eabi/5.2.1/armv7e-m/fpu\libgcc.a(_arm_truncdfsf2.o)
 .ARM.attributes
                0x00000389       0x34 c:/ac6/systemworkbench/plugins/fr.ac6.mcu.externaltools.arm-none.win32_1.7.0.201602121829/tools/compiler/bin/../lib/gcc/arm-none-eabi/5.2.1/../../../../arm-none-eabi/lib/armv7e-m/fpu\libc_nano.a(lib_a-impure.o)
 .ARM.attributes
                0x000003bd       0x34 c:/ac6/systemworkbench/plugins/fr.ac6.mcu.externaltools.arm-none.win32_1.7.0.201602121829/tools/compiler/bin/../lib/gcc/arm-none-eabi/5.2.1/../../../../arm-none-eabi/lib/armv7e-m/fpu\libc_nano.a(lib_a-init.o)
 .ARM.attributes
                0x000003f1       0x34 c:/ac6/systemworkbench/plugins/fr.ac6.mcu.externaltools.arm-none.win32_1.7.0.201602121829/tools/compiler/bin/../lib/gcc/arm-none-eabi/5.2.1/../../../../arm-none-eabi/lib/armv7e-m/fpu\libc_nano.a(lib_a-sprintf.o)
 .ARM.attributes
                0x00000425       0x1b c:/ac6/systemworkbench/plugins/fr.ac6.mcu.externaltools.arm-none.win32_1.7.0.201602121829/tools/compiler/bin/../lib/gcc/arm-none-eabi/5.2.1/../../../../arm-none-eabi/lib/armv7e-m/fpu\libc_nano.a(lib_a-strlen.o)
 .ARM.attributes
                0x00000440       0x34 c:/ac6/systemworkbench/plugins/fr.ac6.mcu.externaltools.arm-none.win32_1.7.0.201602121829/tools/compiler/bin/../lib/gcc/arm-none-eabi/5.2.1/../../../../arm-none-eabi/lib/armv7e-m/fpu\libc_nano.a(lib_a-nano-svfprintf.o)
 .ARM.attributes
                0x00000474       0x34 c:/ac6/systemworkbench/plugins/fr.ac6.mcu.externaltools.arm-none.win32_1.7.0.201602121829/tools/compiler/bin/../lib/gcc/arm-none-eabi/5.2.1/../../../../arm-none-eabi/lib/armv7e-m/fpu\libc_nano.a(lib_a-nano-vfprintf_i.o)
 .ARM.attributes
                0x000004a8       0x20 c:/ac6/systemworkbench/plugins/fr.ac6.mcu.externaltools.arm-none.win32_1.7.0.201602121829/tools/compiler/bin/../lib/gcc/arm-none-eabi/5.2.1/../../../../arm-none-eabi/lib/armv7e-m/fpu\libc_nano.a(lib_a-memchr.o)
 .ARM.attributes
                0x000004c8       0x34 c:/ac6/systemworkbench/plugins/fr.ac6.mcu.externaltools.arm-none.win32_1.7.0.201602121829/tools/compiler/bin/../lib/gcc/arm-none-eabi/5.2.1/../../../../arm-none-eabi/lib/armv7e-m/fpu\libc_nano.a(lib_a-memcpy-stub.o)
 .ARM.attributes
                0x000004fc       0x34 c:/ac6/systemworkbench/plugins/fr.ac6.mcu.externaltools.arm-none.win32_1.7.0.201602121829/tools/compiler/bin/../lib/gcc/arm-none-eabi/5.2.1/../../../../arm-none-eabi/lib/armv7e-m/fpu\libc_nano.a(lib_a-memmove.o)
 .ARM.attributes
                0x00000530       0x34 c:/ac6/systemworkbench/plugins/fr.ac6.mcu.externaltools.arm-none.win32_1.7.0.201602121829/tools/compiler/bin/../lib/gcc/arm-none-eabi/5.2.1/../../../../arm-none-eabi/lib/armv7e-m/fpu\libc_nano.a(lib_a-nano-freer.o)
 .ARM.attributes
                0x00000564       0x34 c:/ac6/systemworkbench/plugins/fr.ac6.mcu.externaltools.arm-none.win32_1.7.0.201602121829/tools/compiler/bin/../lib/gcc/arm-none-eabi/5.2.1/../../../../arm-none-eabi/lib/armv7e-m/fpu\libc_nano.a(lib_a-nano-mallocr.o)
 .ARM.attributes
                0x00000598       0x34 c:/ac6/systemworkbench/plugins/fr.ac6.mcu.externaltools.arm-none.win32_1.7.0.201602121829/tools/compiler/bin/../lib/gcc/arm-none-eabi/5.2.1/../../../../arm-none-eabi/lib/armv7e-m/fpu\libc_nano.a(lib_a-nano-reallocr.o)
 .ARM.attributes
                0x000005cc       0x34 c:/ac6/systemworkbench/plugins/fr.ac6.mcu.externaltools.arm-none.win32_1.7.0.201602121829/tools/compiler/bin/../lib/gcc/arm-none-eabi/5.2.1/../../../../arm-none-eabi/lib/armv7e-m/fpu\libc_nano.a(lib_a-sbrkr.o)
 .ARM.attributes
                0x00000600       0x34 c:/ac6/systemworkbench/plugins/fr.ac6.mcu.externaltools.arm-none.win32_1.7.0.201602121829/tools/compiler/bin/../lib/gcc/arm-none-eabi/5.2.1/../../../../arm-none-eabi/lib/armv7e-m/fpu\libc_nano.a(lib_a-nano-msizer.o)
 .ARM.attributes
                0x00000634       0x34 c:/ac6/systemworkbench/plugins/fr.ac6.mcu.externaltools.arm-none.win32_1.7.0.201602121829/tools/compiler/bin/../lib/gcc/arm-none-eabi/5.2.1/../../../../arm-none-eabi/lib/armv7e-m/fpu\libc_nano.a(lib_a-reent.o)
 .ARM.attributes
                0x00000668       0x34 c:/ac6/systemworkbench/plugins/fr.ac6.mcu.externaltools.arm-none.win32_1.7.0.201602121829/tools/compiler/bin/../lib/gcc/arm-none-eabi/5.2.1/../../../../arm-none-eabi/lib/armv7e-m/fpu\libnosys.a(sbrk.o)
 .ARM.attributes
                0x0000069c       0x34 c:/ac6/systemworkbench/plugins/fr.ac6.mcu.externaltools.arm-none.win32_1.7.0.201602121829/tools/compiler/bin/../lib/gcc/arm-none-eabi/5.2.1/armv7e-m/fpu/crtend.o
 .ARM.attributes
                0x000006d0       0x22 c:/ac6/systemworkbench/plugins/fr.ac6.mcu.externaltools.arm-none.win32_1.7.0.201602121829/tools/compiler/bin/../lib/gcc/arm-none-eabi/5.2.1/armv7e-m/fpu/crtn.o
OUTPUT(MP45DT02.elf elf32-littlearm)

.debug_line     0x00000000     0x79f3
 .debug_line    0x00000000       0xae Drivers/CMSIS/Device/ST/STM32F4xx/Source/Templates/gcc/startup_stm32f407xx.o
 .debug_line    0x000000ae      0x821 Drivers/CMSIS/Device/ST/STM32F4xx/Source/Templates/system_stm32f4xx.o
 .debug_line    0x000008cf      0x951 Drivers/STM32F4xx_HAL_Driver/Src/stm32f4xx_hal.o
 .debug_line    0x00001220      0x9c5 Drivers/STM32F4xx_HAL_Driver/Src/stm32f4xx_hal_cortex.o
 .debug_line    0x00001be5      0x997 Drivers/STM32F4xx_HAL_Driver/Src/stm32f4xx_hal_gpio.o
 .debug_line    0x0000257c      0xc73 Drivers/STM32F4xx_HAL_Driver/Src/stm32f4xx_hal_i2s.o
 .debug_line    0x000031ef      0xc10 Drivers/STM32F4xx_HAL_Driver/Src/stm32f4xx_hal_i2s_ex.o
 .debug_line    0x00003dff      0xad2 Drivers/STM32F4xx_HAL_Driver/Src/stm32f4xx_hal_rcc.o
 .debug_line    0x000048d1      0x89a Drivers/STM32F4xx_HAL_Driver/Src/stm32f4xx_hal_rcc_ex.o
 .debug_line    0x0000516b      0xf44 Drivers/STM32F4xx_HAL_Driver/Src/stm32f4xx_hal_uart.o
 .debug_line    0x000060af      0x925 Src/main.o
 .debug_line    0x000069d4      0x850 Src/stm32f4xx_hal_msp.o
 .debug_line    0x00007224      0x7cf Src/stm32f4xx_it.o

.debug_info     0x00000000     0x8914
 .debug_info    0x00000000       0xb6 Drivers/CMSIS/Device/ST/STM32F4xx/Source/Templates/gcc/startup_stm32f407xx.o
 .debug_info    0x000000b6      0x4b0 Drivers/CMSIS/Device/ST/STM32F4xx/Source/Templates/system_stm32f4xx.o
 .debug_info    0x00000566      0x8e0 Drivers/STM32F4xx_HAL_Driver/Src/stm32f4xx_hal.o
 .debug_info    0x00000e46      0xe6a Drivers/STM32F4xx_HAL_Driver/Src/stm32f4xx_hal_cortex.o
 .debug_info    0x00001cb0      0x721 Drivers/STM32F4xx_HAL_Driver/Src/stm32f4xx_hal_gpio.o
 .debug_info    0x000023d1      0xdab Drivers/STM32F4xx_HAL_Driver/Src/stm32f4xx_hal_i2s.o
 .debug_info    0x0000317c      0xe73 Drivers/STM32F4xx_HAL_Driver/Src/stm32f4xx_hal_i2s_ex.o
 .debug_info    0x00003fef      0xc82 Drivers/STM32F4xx_HAL_Driver/Src/stm32f4xx_hal_rcc.o
 .debug_info    0x00004c71      0x566 Drivers/STM32F4xx_HAL_Driver/Src/stm32f4xx_hal_rcc_ex.o
 .debug_info    0x000051d7     0x1295 Drivers/STM32F4xx_HAL_Driver/Src/stm32f4xx_hal_uart.o
 .debug_info    0x0000646c     0x1521 Src/main.o
 .debug_info    0x0000798d      0xe9c Src/stm32f4xx_hal_msp.o
 .debug_info    0x00008829       0xeb Src/stm32f4xx_it.o

.debug_abbrev   0x00000000     0x1adc
 .debug_abbrev  0x00000000       0x12 Drivers/CMSIS/Device/ST/STM32F4xx/Source/Templates/gcc/startup_stm32f407xx.o
 .debug_abbrev  0x00000012      0x104 Drivers/CMSIS/Device/ST/STM32F4xx/Source/Templates/system_stm32f4xx.o
 .debug_abbrev  0x00000116      0x247 Drivers/STM32F4xx_HAL_Driver/Src/stm32f4xx_hal.o
 .debug_abbrev  0x0000035d      0x332 Drivers/STM32F4xx_HAL_Driver/Src/stm32f4xx_hal_cortex.o
 .debug_abbrev  0x0000068f      0x1cb Drivers/STM32F4xx_HAL_Driver/Src/stm32f4xx_hal_gpio.o
 .debug_abbrev  0x0000085a      0x2a7 Drivers/STM32F4xx_HAL_Driver/Src/stm32f4xx_hal_i2s.o
 .debug_abbrev  0x00000b01      0x299 Drivers/STM32F4xx_HAL_Driver/Src/stm32f4xx_hal_i2s_ex.o
 .debug_abbrev  0x00000d9a      0x321 Drivers/STM32F4xx_HAL_Driver/Src/stm32f4xx_hal_rcc.o
 .debug_abbrev  0x000010bb      0x204 Drivers/STM32F4xx_HAL_Driver/Src/stm32f4xx_hal_rcc_ex.o
 .debug_abbrev  0x000012bf      0x2ef Drivers/STM32F4xx_HAL_Driver/Src/stm32f4xx_hal_uart.o
 .debug_abbrev  0x000015ae      0x2db Src/main.o
 .debug_abbrev  0x00001889      0x1ac Src/stm32f4xx_hal_msp.o
 .debug_abbrev  0x00001a35       0xa7 Src/stm32f4xx_it.o

.debug_aranges  0x00000000      0x598
 .debug_aranges
                0x00000000       0x28 Drivers/CMSIS/Device/ST/STM32F4xx/Source/Templates/gcc/startup_stm32f407xx.o
 .debug_aranges
                0x00000028       0x28 Drivers/CMSIS/Device/ST/STM32F4xx/Source/Templates/system_stm32f4xx.o
 .debug_aranges
                0x00000050       0xb8 Drivers/STM32F4xx_HAL_Driver/Src/stm32f4xx_hal.o
 .debug_aranges
                0x00000108       0x98 Drivers/STM32F4xx_HAL_Driver/Src/stm32f4xx_hal_cortex.o
 .debug_aranges
                0x000001a0       0x58 Drivers/STM32F4xx_HAL_Driver/Src/stm32f4xx_hal_gpio.o
 .debug_aranges
                0x000001f8       0xc0 Drivers/STM32F4xx_HAL_Driver/Src/stm32f4xx_hal_i2s.o
 .debug_aranges
                0x000002b8       0x78 Drivers/STM32F4xx_HAL_Driver/Src/stm32f4xx_hal_i2s_ex.o
 .debug_aranges
                0x00000330       0x80 Drivers/STM32F4xx_HAL_Driver/Src/stm32f4xx_hal_rcc.o
 .debug_aranges
                0x000003b0       0x30 Drivers/STM32F4xx_HAL_Driver/Src/stm32f4xx_hal_rcc_ex.o
 .debug_aranges
                0x000003e0      0x120 Drivers/STM32F4xx_HAL_Driver/Src/stm32f4xx_hal_uart.o
 .debug_aranges
                0x00000500       0x38 Src/main.o
 .debug_aranges
                0x00000538       0x40 Src/stm32f4xx_hal_msp.o
 .debug_aranges
                0x00000578       0x20 Src/stm32f4xx_it.o

.debug_ranges   0x00000000      0x7a8
 .debug_ranges  0x00000000       0x20 Drivers/CMSIS/Device/ST/STM32F4xx/Source/Templates/gcc/startup_stm32f407xx.o
 .debug_ranges  0x00000020       0x18 Drivers/CMSIS/Device/ST/STM32F4xx/Source/Templates/system_stm32f4xx.o
 .debug_ranges  0x00000038       0xa8 Drivers/STM32F4xx_HAL_Driver/Src/stm32f4xx_hal.o
 .debug_ranges  0x000000e0      0x148 Drivers/STM32F4xx_HAL_Driver/Src/stm32f4xx_hal_cortex.o
 .debug_ranges  0x00000228       0x70 Drivers/STM32F4xx_HAL_Driver/Src/stm32f4xx_hal_gpio.o
 .debug_ranges  0x00000298       0xb0 Drivers/STM32F4xx_HAL_Driver/Src/stm32f4xx_hal_i2s.o
 .debug_ranges  0x00000348       0x68 Drivers/STM32F4xx_HAL_Driver/Src/stm32f4xx_hal_i2s_ex.o
 .debug_ranges  0x000003b0      0x150 Drivers/STM32F4xx_HAL_Driver/Src/stm32f4xx_hal_rcc.o
 .debug_ranges  0x00000500       0x68 Drivers/STM32F4xx_HAL_Driver/Src/stm32f4xx_hal_rcc_ex.o
 .debug_ranges  0x00000568      0x128 Drivers/STM32F4xx_HAL_Driver/Src/stm32f4xx_hal_uart.o
 .debug_ranges  0x00000690       0xa0 Src/main.o
 .debug_ranges  0x00000730       0x68 Src/stm32f4xx_hal_msp.o
 .debug_ranges  0x00000798       0x10 Src/stm32f4xx_it.o

.debug_loc      0x00000000     0x3e6c
 .debug_loc     0x00000000       0xd7 Drivers/CMSIS/Device/ST/STM32F4xx/Source/Templates/system_stm32f4xx.o
 .debug_loc     0x000000d7       0x92 Drivers/STM32F4xx_HAL_Driver/Src/stm32f4xx_hal.o
 .debug_loc     0x00000169      0x4ab Drivers/STM32F4xx_HAL_Driver/Src/stm32f4xx_hal_cortex.o
 .debug_loc     0x00000614      0x374 Drivers/STM32F4xx_HAL_Driver/Src/stm32f4xx_hal_gpio.o
 .debug_loc     0x00000988      0xd71 Drivers/STM32F4xx_HAL_Driver/Src/stm32f4xx_hal_i2s.o
 .debug_loc     0x000016f9      0xd17 Drivers/STM32F4xx_HAL_Driver/Src/stm32f4xx_hal_i2s_ex.o
 .debug_loc     0x00002410      0x49b Drivers/STM32F4xx_HAL_Driver/Src/stm32f4xx_hal_rcc.o
 .debug_loc     0x000028ab      0x169 Drivers/STM32F4xx_HAL_Driver/Src/stm32f4xx_hal_rcc_ex.o
 .debug_loc     0x00002a14     0x11a0 Drivers/STM32F4xx_HAL_Driver/Src/stm32f4xx_hal_uart.o
 .debug_loc     0x00003bb4      0x21e Src/main.o
 .debug_loc     0x00003dd2       0x9a Src/stm32f4xx_hal_msp.o

.debug_macro    0x00000000    0x13b9a
 .debug_macro   0x00000000      0x2e4 Drivers/CMSIS/Device/ST/STM32F4xx/Source/Templates/system_stm32f4xx.o
 .debug_macro   0x000002e4      0x89e Drivers/CMSIS/Device/ST/STM32F4xx/Source/Templates/system_stm32f4xx.o
 .debug_macro   0x00000b82       0x31 Drivers/CMSIS/Device/ST/STM32F4xx/Source/Templates/system_stm32f4xx.o
 .debug_macro   0x00000bb3       0x28 Drivers/CMSIS/Device/ST/STM32F4xx/Source/Templates/system_stm32f4xx.o
 .debug_macro   0x00000bdb       0x22 Drivers/CMSIS/Device/ST/STM32F4xx/Source/Templates/system_stm32f4xx.o
 .debug_macro   0x00000bfd       0x44 Drivers/CMSIS/Device/ST/STM32F4xx/Source/Templates/system_stm32f4xx.o
 .debug_macro   0x00000c41       0xfd Drivers/CMSIS/Device/ST/STM32F4xx/Source/Templates/system_stm32f4xx.o
 .debug_macro   0x00000d3e       0x22 Drivers/CMSIS/Device/ST/STM32F4xx/Source/Templates/system_stm32f4xx.o
 .debug_macro   0x00000d60      0x1df Drivers/CMSIS/Device/ST/STM32F4xx/Source/Templates/system_stm32f4xx.o
 .debug_macro   0x00000f3f       0x35 Drivers/CMSIS/Device/ST/STM32F4xx/Source/Templates/system_stm32f4xx.o
 .debug_macro   0x00000f74       0x50 Drivers/CMSIS/Device/ST/STM32F4xx/Source/Templates/system_stm32f4xx.o
 .debug_macro   0x00000fc4      0xe66 Drivers/CMSIS/Device/ST/STM32F4xx/Source/Templates/system_stm32f4xx.o
 .debug_macro   0x00001e2a     0x93f9 Drivers/CMSIS/Device/ST/STM32F4xx/Source/Templates/system_stm32f4xx.o
 .debug_macro   0x0000b223       0x43 Drivers/CMSIS/Device/ST/STM32F4xx/Source/Templates/system_stm32f4xx.o
 .debug_macro   0x0000b266      0x14e Drivers/CMSIS/Device/ST/STM32F4xx/Source/Templates/system_stm32f4xx.o
 .debug_macro   0x0000b3b4      0x17f Drivers/CMSIS/Device/ST/STM32F4xx/Source/Templates/system_stm32f4xx.o
 .debug_macro   0x0000b533     0x347f Drivers/CMSIS/Device/ST/STM32F4xx/Source/Templates/system_stm32f4xx.o
 .debug_macro   0x0000e9b2       0x58 Drivers/CMSIS/Device/ST/STM32F4xx/Source/Templates/system_stm32f4xx.o
 .debug_macro   0x0000ea0a       0x35 Drivers/CMSIS/Device/ST/STM32F4xx/Source/Templates/system_stm32f4xx.o
 .debug_macro   0x0000ea3f       0x9c Drivers/CMSIS/Device/ST/STM32F4xx/Source/Templates/system_stm32f4xx.o
 .debug_macro   0x0000eadb       0x16 Drivers/CMSIS/Device/ST/STM32F4xx/Source/Templates/system_stm32f4xx.o
 .debug_macro   0x0000eaf1       0x97 Drivers/CMSIS/Device/ST/STM32F4xx/Source/Templates/system_stm32f4xx.o
 .debug_macro   0x0000eb88      0x329 Drivers/CMSIS/Device/ST/STM32F4xx/Source/Templates/system_stm32f4xx.o
 .debug_macro   0x0000eeb1       0xfd Drivers/CMSIS/Device/ST/STM32F4xx/Source/Templates/system_stm32f4xx.o
 .debug_macro   0x0000efae       0x10 Drivers/CMSIS/Device/ST/STM32F4xx/Source/Templates/system_stm32f4xx.o
 .debug_macro   0x0000efbe       0x52 Drivers/CMSIS/Device/ST/STM32F4xx/Source/Templates/system_stm32f4xx.o
 .debug_macro   0x0000f010       0x16 Drivers/CMSIS/Device/ST/STM32F4xx/Source/Templates/system_stm32f4xx.o
 .debug_macro   0x0000f026       0x43 Drivers/CMSIS/Device/ST/STM32F4xx/Source/Templates/system_stm32f4xx.o
 .debug_macro   0x0000f069      0x187 Drivers/CMSIS/Device/ST/STM32F4xx/Source/Templates/system_stm32f4xx.o
 .debug_macro   0x0000f1f0       0x10 Drivers/CMSIS/Device/ST/STM32F4xx/Source/Templates/system_stm32f4xx.o
 .debug_macro   0x0000f200       0x22 Drivers/CMSIS/Device/ST/STM32F4xx/Source/Templates/system_stm32f4xx.o
 .debug_macro   0x0000f222       0x3a Drivers/CMSIS/Device/ST/STM32F4xx/Source/Templates/system_stm32f4xx.o
 .debug_macro   0x0000f25c       0x10 Drivers/CMSIS/Device/ST/STM32F4xx/Source/Templates/system_stm32f4xx.o
 .debug_macro   0x0000f26c       0x40 Drivers/CMSIS/Device/ST/STM32F4xx/Source/Templates/system_stm32f4xx.o
 .debug_macro   0x0000f2ac       0x65 Drivers/CMSIS/Device/ST/STM32F4xx/Source/Templates/system_stm32f4xx.o
 .debug_macro   0x0000f311       0x16 Drivers/CMSIS/Device/ST/STM32F4xx/Source/Templates/system_stm32f4xx.o
 .debug_macro   0x0000f327      0x197 Drivers/CMSIS/Device/ST/STM32F4xx/Source/Templates/system_stm32f4xx.o
 .debug_macro   0x0000f4be       0x50 Drivers/CMSIS/Device/ST/STM32F4xx/Source/Templates/system_stm32f4xx.o
 .debug_macro   0x0000f50e      0x964 Drivers/CMSIS/Device/ST/STM32F4xx/Source/Templates/system_stm32f4xx.o
 .debug_macro   0x0000fe72      0x9e1 Drivers/CMSIS/Device/ST/STM32F4xx/Source/Templates/system_stm32f4xx.o
 .debug_macro   0x00010853      0x11e Drivers/CMSIS/Device/ST/STM32F4xx/Source/Templates/system_stm32f4xx.o
 .debug_macro   0x00010971      0x13e Drivers/CMSIS/Device/ST/STM32F4xx/Source/Templates/system_stm32f4xx.o
 .debug_macro   0x00010aaf       0x27 Drivers/CMSIS/Device/ST/STM32F4xx/Source/Templates/system_stm32f4xx.o
 .debug_macro   0x00010ad6      0x287 Drivers/CMSIS/Device/ST/STM32F4xx/Source/Templates/system_stm32f4xx.o
 .debug_macro   0x00010d5d       0x5f Drivers/CMSIS/Device/ST/STM32F4xx/Source/Templates/system_stm32f4xx.o
 .debug_macro   0x00010dbc      0x23a Drivers/CMSIS/Device/ST/STM32F4xx/Source/Templates/system_stm32f4xx.o
 .debug_macro   0x00010ff6      0x13a Drivers/CMSIS/Device/ST/STM32F4xx/Source/Templates/system_stm32f4xx.o
 .debug_macro   0x00011130      0x21e Drivers/CMSIS/Device/ST/STM32F4xx/Source/Templates/system_stm32f4xx.o
 .debug_macro   0x0001134e       0x2e Drivers/CMSIS/Device/ST/STM32F4xx/Source/Templates/system_stm32f4xx.o
 .debug_macro   0x0001137c      0x18b Drivers/CMSIS/Device/ST/STM32F4xx/Source/Templates/system_stm32f4xx.o
 .debug_macro   0x00011507       0x24 Drivers/CMSIS/Device/ST/STM32F4xx/Source/Templates/system_stm32f4xx.o
 .debug_macro   0x0001152b       0x35 Drivers/CMSIS/Device/ST/STM32F4xx/Source/Templates/system_stm32f4xx.o
 .debug_macro   0x00011560      0x11e Drivers/CMSIS/Device/ST/STM32F4xx/Source/Templates/system_stm32f4xx.o
 .debug_macro   0x0001167e       0x7f Drivers/CMSIS/Device/ST/STM32F4xx/Source/Templates/system_stm32f4xx.o
 .debug_macro   0x000116fd       0x89 Drivers/CMSIS/Device/ST/STM32F4xx/Source/Templates/system_stm32f4xx.o
 .debug_macro   0x00011786      0x287 Drivers/CMSIS/Device/ST/STM32F4xx/Source/Templates/system_stm32f4xx.o
 .debug_macro   0x00011a0d      0x125 Drivers/CMSIS/Device/ST/STM32F4xx/Source/Templates/system_stm32f4xx.o
 .debug_macro   0x00011b32      0x32c Drivers/STM32F4xx_HAL_Driver/Src/stm32f4xx_hal.o
 .debug_macro   0x00011e5e      0x2de Drivers/STM32F4xx_HAL_Driver/Src/stm32f4xx_hal_cortex.o
 .debug_macro   0x0001213c      0x316 Drivers/STM32F4xx_HAL_Driver/Src/stm32f4xx_hal_gpio.o
 .debug_macro   0x00012452      0x2df Drivers/STM32F4xx_HAL_Driver/Src/stm32f4xx_hal_i2s.o
 .debug_macro   0x00012731      0x2de Drivers/STM32F4xx_HAL_Driver/Src/stm32f4xx_hal_i2s_ex.o
 .debug_macro   0x00012a0f      0x308 Drivers/STM32F4xx_HAL_Driver/Src/stm32f4xx_hal_rcc.o
 .debug_macro   0x00012d17      0x2de Drivers/STM32F4xx_HAL_Driver/Src/stm32f4xx_hal_rcc_ex.o
 .debug_macro   0x00012ff5      0x2df Drivers/STM32F4xx_HAL_Driver/Src/stm32f4xx_hal_uart.o
 .debug_macro   0x000132d4      0x300 Src/main.o
 .debug_macro   0x000135d4      0x2de Src/stm32f4xx_hal_msp.o
 .debug_macro   0x000138b2      0x2e8 Src/stm32f4xx_it.o

.debug_str      0x00000000    0x6a157
 .debug_str     0x00000000    0x67f12 Drivers/CMSIS/Device/ST/STM32F4xx/Source/Templates/system_stm32f4xx.o
                              0x681b2 (size before relaxing)
 .debug_str     0x00067f12      0x9e3 Drivers/STM32F4xx_HAL_Driver/Src/stm32f4xx_hal.o
                              0x68b79 (size before relaxing)
 .debug_str     0x000688f5      0x32a Drivers/STM32F4xx_HAL_Driver/Src/stm32f4xx_hal_cortex.o
                              0x689e4 (size before relaxing)
 .debug_str     0x00068c1f      0x2f2 Drivers/STM32F4xx_HAL_Driver/Src/stm32f4xx_hal_gpio.o
                              0x68409 (size before relaxing)
 .debug_str     0x00068f11      0x5c2 Drivers/STM32F4xx_HAL_Driver/Src/stm32f4xx_hal_i2s.o
                              0x68634 (size before relaxing)
 .debug_str     0x000694d3      0x124 Drivers/STM32F4xx_HAL_Driver/Src/stm32f4xx_hal_i2s_ex.o
                              0x68750 (size before relaxing)
 .debug_str     0x000695f7      0x37d Drivers/STM32F4xx_HAL_Driver/Src/stm32f4xx_hal_rcc.o
                              0x68598 (size before relaxing)
 .debug_str     0x00069974      0x104 Drivers/STM32F4xx_HAL_Driver/Src/stm32f4xx_hal_rcc_ex.o
                              0x6824c (size before relaxing)
 .debug_str     0x00069a78      0x4c2 Drivers/STM32F4xx_HAL_Driver/Src/stm32f4xx_hal_uart.o
                              0x6880f (size before relaxing)
 .debug_str     0x00069f3a      0x188 Src/main.o
                              0x68fb1 (size before relaxing)
 .debug_str     0x0006a0c2       0x5d Src/stm32f4xx_hal_msp.o
                              0x68c23 (size before relaxing)
 .debug_str     0x0006a11f       0x38 Src/stm32f4xx_it.o
                              0x67fdf (size before relaxing)

.comment        0x00000000       0x6e
 .comment       0x00000000       0x6e Drivers/CMSIS/Device/ST/STM32F4xx/Source/Templates/system_stm32f4xx.o
                                 0x6f (size before relaxing)
 .comment       0x0000006e       0x6f Drivers/STM32F4xx_HAL_Driver/Src/stm32f4xx_hal.o
 .comment       0x0000006e       0x6f Drivers/STM32F4xx_HAL_Driver/Src/stm32f4xx_hal_cortex.o
 .comment       0x0000006e       0x6f Drivers/STM32F4xx_HAL_Driver/Src/stm32f4xx_hal_gpio.o
 .comment       0x0000006e       0x6f Drivers/STM32F4xx_HAL_Driver/Src/stm32f4xx_hal_i2s.o
 .comment       0x0000006e       0x6f Drivers/STM32F4xx_HAL_Driver/Src/stm32f4xx_hal_i2s_ex.o
 .comment       0x0000006e       0x6f Drivers/STM32F4xx_HAL_Driver/Src/stm32f4xx_hal_rcc.o
 .comment       0x0000006e       0x6f Drivers/STM32F4xx_HAL_Driver/Src/stm32f4xx_hal_rcc_ex.o
 .comment       0x0000006e       0x6f Drivers/STM32F4xx_HAL_Driver/Src/stm32f4xx_hal_uart.o
 .comment       0x0000006e       0x6f Src/main.o
 .comment       0x0000006e       0x6f Src/stm32f4xx_hal_msp.o
 .comment       0x0000006e       0x6f Src/stm32f4xx_it.o

.debug_frame    0x00000000     0x10f4
 .debug_frame   0x00000000       0x30 Drivers/CMSIS/Device/ST/STM32F4xx/Source/Templates/system_stm32f4xx.o
 .debug_frame   0x00000030      0x184 Drivers/STM32F4xx_HAL_Driver/Src/stm32f4xx_hal.o
 .debug_frame   0x000001b4      0x130 Drivers/STM32F4xx_HAL_Driver/Src/stm32f4xx_hal_cortex.o
 .debug_frame   0x000002e4       0xd4 Drivers/STM32F4xx_HAL_Driver/Src/stm32f4xx_hal_gpio.o
 .debug_frame   0x000003b8      0x260 Drivers/STM32F4xx_HAL_Driver/Src/stm32f4xx_hal_i2s.o
 .debug_frame   0x00000618      0x150 Drivers/STM32F4xx_HAL_Driver/Src/stm32f4xx_hal_i2s_ex.o
 .debug_frame   0x00000768      0x138 Drivers/STM32F4xx_HAL_Driver/Src/stm32f4xx_hal_rcc.o
 .debug_frame   0x000008a0       0x5c Drivers/STM32F4xx_HAL_Driver/Src/stm32f4xx_hal_rcc_ex.o
 .debug_frame   0x000008fc      0x374 Drivers/STM32F4xx_HAL_Driver/Src/stm32f4xx_hal_uart.o
 .debug_frame   0x00000c70       0x88 Src/main.o
 .debug_frame   0x00000cf8       0x98 Src/stm32f4xx_hal_msp.o
 .debug_frame   0x00000d90       0x2c Src/stm32f4xx_it.o
 .debug_frame   0x00000dbc       0x2c c:/ac6/systemworkbench/plugins/fr.ac6.mcu.externaltools.arm-none.win32_1.7.0.201602121829/tools/compiler/bin/../lib/gcc/arm-none-eabi/5.2.1/../../../../arm-none-eabi/lib/armv7e-m/fpu\libc_nano.a(lib_a-init.o)
 .debug_frame   0x00000de8       0x70 c:/ac6/systemworkbench/plugins/fr.ac6.mcu.externaltools.arm-none.win32_1.7.0.201602121829/tools/compiler/bin/../lib/gcc/arm-none-eabi/5.2.1/../../../../arm-none-eabi/lib/armv7e-m/fpu\libc_nano.a(lib_a-sprintf.o)
 .debug_frame   0x00000e58       0x90 c:/ac6/systemworkbench/plugins/fr.ac6.mcu.externaltools.arm-none.win32_1.7.0.201602121829/tools/compiler/bin/../lib/gcc/arm-none-eabi/5.2.1/../../../../arm-none-eabi/lib/armv7e-m/fpu\libc_nano.a(lib_a-nano-svfprintf.o)
 .debug_frame   0x00000ee8       0x60 c:/ac6/systemworkbench/plugins/fr.ac6.mcu.externaltools.arm-none.win32_1.7.0.201602121829/tools/compiler/bin/../lib/gcc/arm-none-eabi/5.2.1/../../../../arm-none-eabi/lib/armv7e-m/fpu\libc_nano.a(lib_a-nano-vfprintf_i.o)
 .debug_frame   0x00000f48       0x28 c:/ac6/systemworkbench/plugins/fr.ac6.mcu.externaltools.arm-none.win32_1.7.0.201602121829/tools/compiler/bin/../lib/gcc/arm-none-eabi/5.2.1/../../../../arm-none-eabi/lib/armv7e-m/fpu\libc_nano.a(lib_a-memcpy-stub.o)
 .debug_frame   0x00000f70       0x28 c:/ac6/systemworkbench/plugins/fr.ac6.mcu.externaltools.arm-none.win32_1.7.0.201602121829/tools/compiler/bin/../lib/gcc/arm-none-eabi/5.2.1/../../../../arm-none-eabi/lib/armv7e-m/fpu\libc_nano.a(lib_a-memmove.o)
 .debug_frame   0x00000f98       0x2c c:/ac6/systemworkbench/plugins/fr.ac6.mcu.externaltools.arm-none.win32_1.7.0.201602121829/tools/compiler/bin/../lib/gcc/arm-none-eabi/5.2.1/../../../../arm-none-eabi/lib/armv7e-m/fpu\libc_nano.a(lib_a-nano-freer.o)
 .debug_frame   0x00000fc4       0x2c c:/ac6/systemworkbench/plugins/fr.ac6.mcu.externaltools.arm-none.win32_1.7.0.201602121829/tools/compiler/bin/../lib/gcc/arm-none-eabi/5.2.1/../../../../arm-none-eabi/lib/armv7e-m/fpu\libc_nano.a(lib_a-nano-mallocr.o)
 .debug_frame   0x00000ff0       0x3c c:/ac6/systemworkbench/plugins/fr.ac6.mcu.externaltools.arm-none.win32_1.7.0.201602121829/tools/compiler/bin/../lib/gcc/arm-none-eabi/5.2.1/../../../../arm-none-eabi/lib/armv7e-m/fpu\libc_nano.a(lib_a-nano-reallocr.o)
 .debug_frame   0x0000102c       0x2c c:/ac6/systemworkbench/plugins/fr.ac6.mcu.externaltools.arm-none.win32_1.7.0.201602121829/tools/compiler/bin/../lib/gcc/arm-none-eabi/5.2.1/../../../../arm-none-eabi/lib/armv7e-m/fpu\libc_nano.a(lib_a-sbrkr.o)
 .debug_frame   0x00001058       0x20 c:/ac6/systemworkbench/plugins/fr.ac6.mcu.externaltools.arm-none.win32_1.7.0.201602121829/tools/compiler/bin/../lib/gcc/arm-none-eabi/5.2.1/../../../../arm-none-eabi/lib/armv7e-m/fpu\libc_nano.a(lib_a-nano-msizer.o)
 .debug_frame   0x00001078       0x5c c:/ac6/systemworkbench/plugins/fr.ac6.mcu.externaltools.arm-none.win32_1.7.0.201602121829/tools/compiler/bin/../lib/gcc/arm-none-eabi/5.2.1/../../../../arm-none-eabi/lib/armv7e-m/fpu\libc_nano.a(lib_a-reent.o)
 .debug_frame   0x000010d4       0x20 c:/ac6/systemworkbench/plugins/fr.ac6.mcu.externaltools.arm-none.win32_1.7.0.201602121829/tools/compiler/bin/../lib/gcc/arm-none-eabi/5.2.1/../../../../arm-none-eabi/lib/armv7e-m/fpu\libnosys.a(sbrk.o)
